\BOOKMARK [0][-]{chapter.1}{\376\377\0001\000\040\000Z\000l\000i\000b\000V\000a\000l\000i\000d\000a\000t\000i\000o\000n}{}% 1
\BOOKMARK [1][-]{section.1.1}{\376\377\0001\000.\0001\000\040\000D\000e\000s\000c\000r\000i\000p\000t\000i\000o\000n}{chapter.1}% 2
\BOOKMARK [1][-]{section.1.2}{\376\377\0001\000.\0002\000\040\000U\000s\000a\000g\000e}{chapter.1}% 3
\BOOKMARK [1][-]{section.1.3}{\376\377\0001\000.\0003\000\040\000D\000e\000v\000e\000l\000o\000p\000m\000e\000n\000t\000\040\000D\000i\000a\000r\000y}{chapter.1}% 4
\BOOKMARK [2][-]{subsection.1.3.1}{\376\377\0001\000.\0003\000.\0001\000\040\0002\0000\0002\0005\000-\0000\0001\000-\0002\0007}{section.1.3}% 5
\BOOKMARK [2][-]{subsection.1.3.2}{\376\377\0001\000.\0003\000.\0002\000\040\0002\0000\0002\0005\000-\0000\0001\000-\0002\0008}{section.1.3}% 6
\BOOKMARK [2][-]{subsection.1.3.3}{\376\377\0001\000.\0003\000.\0003\000\040\0002\0000\0002\0005\000-\0000\0002\000-\0000\0001}{section.1.3}% 7
\BOOKMARK [2][-]{subsection.1.3.4}{\376\377\0001\000.\0003\000.\0004\000\040\0002\0000\0002\0005\000-\0000\0002\000-\0001\0000}{section.1.3}% 8
\BOOKMARK [2][-]{subsection.1.3.5}{\376\377\0001\000.\0003\000.\0005\000\040\0002\0000\0002\0005\000-\0000\0002\000-\0001\0001}{section.1.3}% 9
\BOOKMARK [2][-]{subsection.1.3.6}{\376\377\0001\000.\0003\000.\0006\000\040\0002\0000\0002\0005\000-\0000\0002\000-\0001\0004}{section.1.3}% 10
\BOOKMARK [2][-]{subsection.1.3.7}{\376\377\0001\000.\0003\000.\0007\000\040\0002\0000\0002\0005\000-\0000\0002\000-\0001\0005}{section.1.3}% 11
\BOOKMARK [2][-]{subsection.1.3.8}{\376\377\0001\000.\0003\000.\0008\000\040\0002\0000\0002\0005\000-\0000\0002\000-\0001\0007}{section.1.3}% 12
\BOOKMARK [2][-]{subsection.1.3.9}{\376\377\0001\000.\0003\000.\0009\000\040\0002\0000\0002\0005\000-\0000\0002\000-\0001\0008}{section.1.3}% 13
\BOOKMARK [2][-]{subsection.1.3.10}{\376\377\0001\000.\0003\000.\0001\0000\000\040\0002\0000\0002\0005\000-\0000\0002\000-\0001\0009}{section.1.3}% 14
\BOOKMARK [2][-]{subsection.1.3.11}{\376\377\0001\000.\0003\000.\0001\0001\000\040\0002\0000\0002\0005\000-\0000\0002\000-\0002\0000}{section.1.3}% 15
\BOOKMARK [2][-]{subsection.1.3.12}{\376\377\0001\000.\0003\000.\0001\0002\000\040\0002\0000\0002\0005\000-\0000\0002\000-\0002\0005}{section.1.3}% 16
\BOOKMARK [2][-]{subsection.1.3.13}{\376\377\0001\000.\0003\000.\0001\0003\000\040\0002\0000\0002\0005\000-\0000\0002\000-\0002\0006}{section.1.3}% 17
\BOOKMARK [2][-]{subsection.1.3.14}{\376\377\0001\000.\0003\000.\0001\0004\000\040\0002\0000\0002\0005\000-\0000\0002\000-\0002\0007}{section.1.3}% 18
\BOOKMARK [2][-]{subsection.1.3.15}{\376\377\0001\000.\0003\000.\0001\0005\000\040\0002\0000\0002\0005\000-\0000\0002\000-\0002\0008}{section.1.3}% 19
\BOOKMARK [2][-]{subsection.1.3.16}{\376\377\0001\000.\0003\000.\0001\0006\000\040\0002\0000\0002\0005\000-\0000\0003\000-\0000\0001}{section.1.3}% 20
\BOOKMARK [2][-]{subsection.1.3.17}{\376\377\0001\000.\0003\000.\0001\0007\000\040\0002\0000\0002\0005\000-\0000\0003\000-\0000\0007}{section.1.3}% 21
\BOOKMARK [2][-]{subsection.1.3.18}{\376\377\0001\000.\0003\000.\0001\0008\000\040\0002\0000\0002\0005\000-\0000\0003\000-\0001\0000}{section.1.3}% 22
\BOOKMARK [2][-]{subsection.1.3.19}{\376\377\0001\000.\0003\000.\0001\0009\000\040\0002\0000\0002\0005\000-\0000\0003\000-\0001\0004}{section.1.3}% 23
\BOOKMARK [2][-]{subsection.1.3.20}{\376\377\0001\000.\0003\000.\0002\0000\000\040\0002\0000\0002\0005\000-\0000\0003\000-\0001\0005}{section.1.3}% 24
\BOOKMARK [2][-]{subsection.1.3.21}{\376\377\0001\000.\0003\000.\0002\0001\000\040\0002\0000\0002\0005\000-\0000\0003\000-\0001\0006}{section.1.3}% 25
\BOOKMARK [2][-]{subsection.1.3.22}{\376\377\0001\000.\0003\000.\0002\0002\000\040\0002\0000\0002\0005\000-\0000\0003\000-\0001\0007}{section.1.3}% 26
\BOOKMARK [2][-]{subsection.1.3.23}{\376\377\0001\000.\0003\000.\0002\0003\000\040\0002\0000\0002\0005\000-\0000\0003\000-\0001\0008}{section.1.3}% 27
\BOOKMARK [2][-]{subsection.1.3.24}{\376\377\0001\000.\0003\000.\0002\0004\000\040\0002\0000\0002\0005\000-\0000\0003\000-\0001\0009}{section.1.3}% 28
\BOOKMARK [2][-]{subsection.1.3.25}{\376\377\0001\000.\0003\000.\0002\0005\000\040\0002\0000\0002\0005\000-\0000\0003\000-\0002\0001}{section.1.3}% 29
\BOOKMARK [2][-]{subsection.1.3.26}{\376\377\0001\000.\0003\000.\0002\0006\000\040\0002\0000\0002\0005\000-\0000\0003\000-\0002\0004}{section.1.3}% 30
\BOOKMARK [2][-]{subsection.1.3.27}{\376\377\0001\000.\0003\000.\0002\0007\000\040\0002\0000\0002\0005\000-\0000\0003\000-\0002\0005}{section.1.3}% 31
\BOOKMARK [2][-]{subsection.1.3.28}{\376\377\0001\000.\0003\000.\0002\0008\000\040\0002\0000\0002\0005\000-\0000\0003\000-\0002\0006}{section.1.3}% 32
\BOOKMARK [0][-]{chapter.2}{\376\377\0002\000\040\000H\000i\000e\000r\000a\000r\000c\000h\000i\000c\000a\000l\000\040\000I\000n\000d\000e\000x}{}% 33
\BOOKMARK [1][-]{section.2.1}{\376\377\0002\000.\0001\000\040\000C\000l\000a\000s\000s\000\040\000H\000i\000e\000r\000a\000r\000c\000h\000y}{chapter.2}% 34
\BOOKMARK [0][-]{chapter.3}{\376\377\0003\000\040\000C\000l\000a\000s\000s\000\040\000I\000n\000d\000e\000x}{}% 35
\BOOKMARK [1][-]{section.3.1}{\376\377\0003\000.\0001\000\040\000C\000l\000a\000s\000s\000\040\000L\000i\000s\000t}{chapter.3}% 36
\BOOKMARK [0][-]{chapter.4}{\376\377\0004\000\040\000F\000i\000l\000e\000\040\000I\000n\000d\000e\000x}{}% 37
\BOOKMARK [1][-]{section.4.1}{\376\377\0004\000.\0001\000\040\000F\000i\000l\000e\000\040\000L\000i\000s\000t}{chapter.4}% 38
\BOOKMARK [0][-]{chapter.5}{\376\377\0005\000\040\000C\000l\000a\000s\000s\000\040\000D\000o\000c\000u\000m\000e\000n\000t\000a\000t\000i\000o\000n}{}% 39
\BOOKMARK [1][-]{section.5.1}{\376\377\0005\000.\0001\000\040\000A\000t\000t\000r\000i\000b\000u\000t\000e\000s\000I\000t\000e\000r\000a\000t\000o\000r\000\040\000C\000l\000a\000s\000s\000\040\000R\000e\000f\000e\000r\000e\000n\000c\000e}{chapter.5}% 40
\BOOKMARK [2][-]{subsection.5.1.1}{\376\377\0005\000.\0001\000.\0001\000\040\000D\000e\000t\000a\000i\000l\000e\000d\000\040\000D\000e\000s\000c\000r\000i\000p\000t\000i\000o\000n}{section.5.1}% 41
\BOOKMARK [2][-]{subsection.5.1.2}{\376\377\0005\000.\0001\000.\0002\000\040\000C\000o\000n\000s\000t\000r\000u\000c\000t\000o\000r\000\040\000\046\000\040\000D\000e\000s\000t\000r\000u\000c\000t\000o\000r\000\040\000D\000o\000c\000u\000m\000e\000n\000t\000a\000t\000i\000o\000n}{section.5.1}% 42
\BOOKMARK [3][-]{subsubsection.5.1.2.1}{\376\377\0005\000.\0001\000.\0002\000.\0001\000\040\000A\000t\000t\000r\000i\000b\000u\000t\000e\000s\000I\000t\000e\000r\000a\000t\000o\000r\000\050\000\051}{subsection.5.1.2}% 43
\BOOKMARK [3][-]{subsubsection.5.1.2.2}{\376\377\0005\000.\0001\000.\0002\000.\0002\000\040\000\040\000A\000t\000t\000r\000i\000b\000u\000t\000e\000s\000I\000t\000e\000r\000a\000t\000o\000r\000\050\000\051}{subsection.5.1.2}% 44
\BOOKMARK [2][-]{subsection.5.1.3}{\376\377\0005\000.\0001\000.\0003\000\040\000M\000e\000m\000b\000e\000r\000\040\000F\000u\000n\000c\000t\000i\000o\000n\000\040\000D\000o\000c\000u\000m\000e\000n\000t\000a\000t\000i\000o\000n}{section.5.1}% 45
\BOOKMARK [3][-]{subsubsection.5.1.3.1}{\376\377\0005\000.\0001\000.\0003\000.\0001\000\040\000e\000n\000d\000\050\000\051}{subsection.5.1.3}% 46
\BOOKMARK [3][-]{subsubsection.5.1.3.2}{\376\377\0005\000.\0001\000.\0003\000.\0002\000\040\000g\000e\000t\000\050\000\051}{subsection.5.1.3}% 47
\BOOKMARK [3][-]{subsubsection.5.1.3.3}{\376\377\0005\000.\0001\000.\0003\000.\0003\000\040\000n\000e\000x\000t\000\050\000\051}{subsection.5.1.3}% 48
\BOOKMARK [2][-]{subsection.5.1.4}{\376\377\0005\000.\0001\000.\0004\000\040\000M\000e\000m\000b\000e\000r\000\040\000D\000a\000t\000a\000\040\000D\000o\000c\000u\000m\000e\000n\000t\000a\000t\000i\000o\000n}{section.5.1}% 49
\BOOKMARK [3][-]{subsubsection.5.1.4.1}{\376\377\0005\000.\0001\000.\0004\000.\0001\000\040\000a\000t\000t\000r\000\137}{subsection.5.1.4}% 50
\BOOKMARK [3][-]{subsubsection.5.1.4.2}{\376\377\0005\000.\0001\000.\0004\000.\0002\000\040\000a\000t\000t\000r\000s\000\137}{subsection.5.1.4}% 51
\BOOKMARK [3][-]{subsubsection.5.1.4.3}{\376\377\0005\000.\0001\000.\0004\000.\0003\000\040\000e\000r\000r\000\137}{subsection.5.1.4}% 52
\BOOKMARK [1][-]{section.5.2}{\376\377\0005\000.\0002\000\040\000C\000e\000l\000l\000E\000x\000t\000r\000a\000c\000t\000o\000r\000\040\000C\000l\000a\000s\000s\000\040\000R\000e\000f\000e\000r\000e\000n\000c\000e}{chapter.5}% 53
\BOOKMARK [2][-]{subsection.5.2.1}{\376\377\0005\000.\0002\000.\0001\000\040\000D\000e\000t\000a\000i\000l\000e\000d\000\040\000D\000e\000s\000c\000r\000i\000p\000t\000i\000o\000n}{section.5.2}% 54
\BOOKMARK [2][-]{subsection.5.2.2}{\376\377\0005\000.\0002\000.\0002\000\040\000C\000o\000n\000s\000t\000r\000u\000c\000t\000o\000r\000\040\000\046\000\040\000D\000e\000s\000t\000r\000u\000c\000t\000o\000r\000\040\000D\000o\000c\000u\000m\000e\000n\000t\000a\000t\000i\000o\000n}{section.5.2}% 55
\BOOKMARK [3][-]{subsubsection.5.2.2.1}{\376\377\0005\000.\0002\000.\0002\000.\0001\000\040\000C\000e\000l\000l\000E\000x\000t\000r\000a\000c\000t\000o\000r\000\050\000\051}{subsection.5.2.2}% 56
\BOOKMARK [2][-]{subsection.5.2.3}{\376\377\0005\000.\0002\000.\0003\000\040\000M\000e\000m\000b\000e\000r\000\040\000F\000u\000n\000c\000t\000i\000o\000n\000\040\000D\000o\000c\000u\000m\000e\000n\000t\000a\000t\000i\000o\000n}{section.5.2}% 57
\BOOKMARK [3][-]{subsubsection.5.2.3.1}{\376\377\0005\000.\0002\000.\0003\000.\0001\000\040\000f\000o\000u\000n\000d\000T\000a\000r\000g\000e\000t\000C\000e\000l\000l\000\050\000\051}{subsection.5.2.3}% 58
\BOOKMARK [3][-]{subsubsection.5.2.3.2}{\376\377\0005\000.\0002\000.\0003\000.\0002\000\040\000h\000a\000n\000d\000l\000e\000\050\000\051}{subsection.5.2.3}% 59
\BOOKMARK [2][-]{subsection.5.2.4}{\376\377\0005\000.\0002\000.\0004\000\040\000M\000e\000m\000b\000e\000r\000\040\000D\000a\000t\000a\000\040\000D\000o\000c\000u\000m\000e\000n\000t\000a\000t\000i\000o\000n}{section.5.2}% 60
\BOOKMARK [3][-]{subsubsection.5.2.4.1}{\376\377\0005\000.\0002\000.\0004\000.\0001\000\040\000f\000o\000u\000n\000d\000T\000a\000r\000g\000e\000t\000\137}{subsection.5.2.4}% 61
\BOOKMARK [3][-]{subsubsection.5.2.4.2}{\376\377\0005\000.\0002\000.\0004\000.\0002\000\040\000t\000a\000r\000g\000e\000t\000C\000e\000l\000l\000\137}{subsection.5.2.4}% 62
\BOOKMARK [1][-]{section.5.3}{\376\377\0005\000.\0003\000\040\000C\000e\000l\000l\000P\000r\000i\000n\000t\000e\000r\000\040\000C\000l\000a\000s\000s\000\040\000R\000e\000f\000e\000r\000e\000n\000c\000e}{chapter.5}% 63
\BOOKMARK [2][-]{subsection.5.3.1}{\376\377\0005\000.\0003\000.\0001\000\040\000D\000e\000t\000a\000i\000l\000e\000d\000\040\000D\000e\000s\000c\000r\000i\000p\000t\000i\000o\000n}{section.5.3}% 64
\BOOKMARK [2][-]{subsection.5.3.2}{\376\377\0005\000.\0003\000.\0002\000\040\000C\000o\000n\000s\000t\000r\000u\000c\000t\000o\000r\000\040\000\046\000\040\000D\000e\000s\000t\000r\000u\000c\000t\000o\000r\000\040\000D\000o\000c\000u\000m\000e\000n\000t\000a\000t\000i\000o\000n}{section.5.3}% 65
\BOOKMARK [3][-]{subsubsection.5.3.2.1}{\376\377\0005\000.\0003\000.\0002\000.\0001\000\040\000C\000e\000l\000l\000P\000r\000i\000n\000t\000e\000r\000\050\000\051}{subsection.5.3.2}% 66
\BOOKMARK [2][-]{subsection.5.3.3}{\376\377\0005\000.\0003\000.\0003\000\040\000M\000e\000m\000b\000e\000r\000\040\000F\000u\000n\000c\000t\000i\000o\000n\000\040\000D\000o\000c\000u\000m\000e\000n\000t\000a\000t\000i\000o\000n}{section.5.3}% 67
\BOOKMARK [3][-]{subsubsection.5.3.3.1}{\376\377\0005\000.\0003\000.\0003\000.\0001\000\040\000h\000a\000n\000d\000l\000e\000\050\000\051}{subsection.5.3.3}% 68
\BOOKMARK [2][-]{subsection.5.3.4}{\376\377\0005\000.\0003\000.\0004\000\040\000M\000e\000m\000b\000e\000r\000\040\000D\000a\000t\000a\000\040\000D\000o\000c\000u\000m\000e\000n\000t\000a\000t\000i\000o\000n}{section.5.3}% 69
\BOOKMARK [3][-]{subsubsection.5.3.4.1}{\376\377\0005\000.\0003\000.\0004\000.\0001\000\040\000f\000o\000u\000n\000d\000T\000a\000r\000g\000e\000t\000\137}{subsection.5.3.4}% 70
\BOOKMARK [3][-]{subsubsection.5.3.4.2}{\376\377\0005\000.\0003\000.\0004\000.\0002\000\040\000o\000u\000t\000\137}{subsection.5.3.4}% 71
\BOOKMARK [3][-]{subsubsection.5.3.4.3}{\376\377\0005\000.\0003\000.\0004\000.\0003\000\040\000t\000a\000r\000g\000e\000t\000C\000e\000l\000l\000\137}{subsection.5.3.4}% 72
\BOOKMARK [1][-]{section.5.4}{\376\377\0005\000.\0004\000\040\000G\000r\000o\000u\000p\000s\000I\000t\000e\000r\000a\000t\000o\000r\000\040\000C\000l\000a\000s\000s\000\040\000R\000e\000f\000e\000r\000e\000n\000c\000e}{chapter.5}% 73
\BOOKMARK [2][-]{subsection.5.4.1}{\376\377\0005\000.\0004\000.\0001\000\040\000D\000e\000t\000a\000i\000l\000e\000d\000\040\000D\000e\000s\000c\000r\000i\000p\000t\000i\000o\000n}{section.5.4}% 74
\BOOKMARK [2][-]{subsection.5.4.2}{\376\377\0005\000.\0004\000.\0002\000\040\000C\000o\000n\000s\000t\000r\000u\000c\000t\000o\000r\000\040\000\046\000\040\000D\000e\000s\000t\000r\000u\000c\000t\000o\000r\000\040\000D\000o\000c\000u\000m\000e\000n\000t\000a\000t\000i\000o\000n}{section.5.4}% 75
\BOOKMARK [3][-]{subsubsection.5.4.2.1}{\376\377\0005\000.\0004\000.\0002\000.\0001\000\040\000G\000r\000o\000u\000p\000s\000I\000t\000e\000r\000a\000t\000o\000r\000\050\000\051}{subsection.5.4.2}% 76
\BOOKMARK [3][-]{subsubsection.5.4.2.2}{\376\377\0005\000.\0004\000.\0002\000.\0002\000\040\000\040\000G\000r\000o\000u\000p\000s\000I\000t\000e\000r\000a\000t\000o\000r\000\050\000\051}{subsection.5.4.2}% 77
\BOOKMARK [2][-]{subsection.5.4.3}{\376\377\0005\000.\0004\000.\0003\000\040\000M\000e\000m\000b\000e\000r\000\040\000F\000u\000n\000c\000t\000i\000o\000n\000\040\000D\000o\000c\000u\000m\000e\000n\000t\000a\000t\000i\000o\000n}{section.5.4}% 78
\BOOKMARK [3][-]{subsubsection.5.4.3.1}{\376\377\0005\000.\0004\000.\0003\000.\0001\000\040\000e\000n\000d\000\050\000\051}{subsection.5.4.3}% 79
\BOOKMARK [3][-]{subsubsection.5.4.3.2}{\376\377\0005\000.\0004\000.\0003\000.\0002\000\040\000g\000e\000t\000\050\000\051}{subsection.5.4.3}% 80
\BOOKMARK [3][-]{subsubsection.5.4.3.3}{\376\377\0005\000.\0004\000.\0003\000.\0003\000\040\000n\000e\000x\000t\000\050\000\051}{subsection.5.4.3}% 81
\BOOKMARK [2][-]{subsection.5.4.4}{\376\377\0005\000.\0004\000.\0004\000\040\000M\000e\000m\000b\000e\000r\000\040\000D\000a\000t\000a\000\040\000D\000o\000c\000u\000m\000e\000n\000t\000a\000t\000i\000o\000n}{section.5.4}% 82
\BOOKMARK [3][-]{subsubsection.5.4.4.1}{\376\377\0005\000.\0004\000.\0004\000.\0001\000\040\000e\000r\000r\000\137}{subsection.5.4.4}% 83
\BOOKMARK [3][-]{subsubsection.5.4.4.2}{\376\377\0005\000.\0004\000.\0004\000.\0002\000\040\000g\000r\000o\000u\000p\000\137}{subsection.5.4.4}% 84
\BOOKMARK [3][-]{subsubsection.5.4.4.3}{\376\377\0005\000.\0004\000.\0004\000.\0003\000\040\000g\000r\000o\000u\000p\000s\000\137}{subsection.5.4.4}% 85
\BOOKMARK [1][-]{section.5.5}{\376\377\0005\000.\0005\000\040\000L\000i\000b\000A\000t\000t\000r\000i\000b\000u\000t\000e\000\040\000C\000l\000a\000s\000s\000\040\000R\000e\000f\000e\000r\000e\000n\000c\000e}{chapter.5}% 86
\BOOKMARK [2][-]{subsection.5.5.1}{\376\377\0005\000.\0005\000.\0001\000\040\000D\000e\000t\000a\000i\000l\000e\000d\000\040\000D\000e\000s\000c\000r\000i\000p\000t\000i\000o\000n}{section.5.5}% 87
\BOOKMARK [2][-]{subsection.5.5.2}{\376\377\0005\000.\0005\000.\0002\000\040\000C\000o\000n\000s\000t\000r\000u\000c\000t\000o\000r\000\040\000\046\000\040\000D\000e\000s\000t\000r\000u\000c\000t\000o\000r\000\040\000D\000o\000c\000u\000m\000e\000n\000t\000a\000t\000i\000o\000n}{section.5.5}% 88
\BOOKMARK [3][-]{subsubsection.5.5.2.1}{\376\377\0005\000.\0005\000.\0002\000.\0001\000\040\000L\000i\000b\000A\000t\000t\000r\000i\000b\000u\000t\000e\000\050\000\051}{subsection.5.5.2}% 89
\BOOKMARK [3][-]{subsubsection.5.5.2.2}{\376\377\0005\000.\0005\000.\0002\000.\0002\000\040\000\040\000L\000i\000b\000A\000t\000t\000r\000i\000b\000u\000t\000e\000\050\000\051}{subsection.5.5.2}% 90
\BOOKMARK [2][-]{subsection.5.5.3}{\376\377\0005\000.\0005\000.\0003\000\040\000M\000e\000m\000b\000e\000r\000\040\000F\000u\000n\000c\000t\000i\000o\000n\000\040\000D\000o\000c\000u\000m\000e\000n\000t\000a\000t\000i\000o\000n}{section.5.5}% 91
\BOOKMARK [3][-]{subsubsection.5.5.3.1}{\376\377\0005\000.\0005\000.\0003\000.\0001\000\040\000g\000e\000t\000B\000o\000o\000l\000e\000a\000n\000\050\000\051}{subsection.5.5.3}% 92
\BOOKMARK [3][-]{subsubsection.5.5.3.2}{\376\377\0005\000.\0005\000.\0003\000.\0002\000\040\000g\000e\000t\000F\000l\000o\000a\000t\000\050\000\051}{subsection.5.5.3}% 93
\BOOKMARK [3][-]{subsubsection.5.5.3.3}{\376\377\0005\000.\0005\000.\0003\000.\0003\000\040\000g\000e\000t\000I\000n\000t\000\050\000\051}{subsection.5.5.3}% 94
\BOOKMARK [3][-]{subsubsection.5.5.3.4}{\376\377\0005\000.\0005\000.\0003\000.\0004\000\040\000g\000e\000t\000N\000a\000m\000e\000\050\000\051}{subsection.5.5.3}% 95
\BOOKMARK [3][-]{subsubsection.5.5.3.5}{\376\377\0005\000.\0005\000.\0003\000.\0005\000\040\000g\000e\000t\000S\000t\000r\000i\000n\000g\000\050\000\051}{subsection.5.5.3}% 96
\BOOKMARK [3][-]{subsubsection.5.5.3.6}{\376\377\0005\000.\0005\000.\0003\000.\0006\000\040\000g\000e\000t\000V\000a\000l\000u\000e\000s\000\050\000\051}{subsection.5.5.3}% 97
\BOOKMARK [3][-]{subsubsection.5.5.3.7}{\376\377\0005\000.\0005\000.\0003\000.\0007\000\040\000i\000s\000C\000o\000m\000p\000l\000e\000x\000\050\000\051}{subsection.5.5.3}% 98
\BOOKMARK [2][-]{subsection.5.5.4}{\376\377\0005\000.\0005\000.\0004\000\040\000M\000e\000m\000b\000e\000r\000\040\000D\000a\000t\000a\000\040\000D\000o\000c\000u\000m\000e\000n\000t\000a\000t\000i\000o\000n}{section.5.5}% 99
\BOOKMARK [3][-]{subsubsection.5.5.4.1}{\376\377\0005\000.\0005\000.\0004\000.\0001\000\040\000a\000t\000t\000r\000\137}{subsection.5.5.4}% 100
\BOOKMARK [3][-]{subsubsection.5.5.4.2}{\376\377\0005\000.\0005\000.\0004\000.\0002\000\040\000e\000r\000r\000\137}{subsection.5.5.4}% 101
\BOOKMARK [1][-]{section.5.6}{\376\377\0005\000.\0006\000\040\000l\000i\000b\000e\000r\000t\000y\000\137\000v\000a\000l\000u\000e\000\137\000d\000a\000t\000a\000\040\000S\000t\000r\000u\000c\000t\000\040\000R\000e\000f\000e\000r\000e\000n\000c\000e}{chapter.5}% 102
\BOOKMARK [2][-]{subsection.5.6.1}{\376\377\0005\000.\0006\000.\0001\000\040\000D\000e\000t\000a\000i\000l\000e\000d\000\040\000D\000e\000s\000c\000r\000i\000p\000t\000i\000o\000n}{section.5.6}% 103
\BOOKMARK [2][-]{subsection.5.6.2}{\376\377\0005\000.\0006\000.\0002\000\040\000M\000e\000m\000b\000e\000r\000\040\000D\000a\000t\000a\000\040\000D\000o\000c\000u\000m\000e\000n\000t\000a\000t\000i\000o\000n}{section.5.6}% 104
\BOOKMARK [3][-]{subsubsection.5.6.2.1}{\376\377\0005\000.\0006\000.\0002\000.\0001\000\040\000d\000i\000m\000\137\000s\000i\000z\000e\000s}{subsection.5.6.2}% 105
\BOOKMARK [3][-]{subsubsection.5.6.2.2}{\376\377\0005\000.\0006\000.\0002\000.\0002\000\040\000d\000i\000m\000e\000n\000s\000i\000o\000n\000s}{subsection.5.6.2}% 106
\BOOKMARK [3][-]{subsubsection.5.6.2.3}{\376\377\0005\000.\0006\000.\0002\000.\0003\000\040\000i\000n\000d\000e\000x\000\137\000i\000n\000f\000o}{subsection.5.6.2}% 107
\BOOKMARK [3][-]{subsubsection.5.6.2.4}{\376\377\0005\000.\0006\000.\0002\000.\0004\000\040\000v\000a\000l\000u\000e\000s}{subsection.5.6.2}% 108
\BOOKMARK [1][-]{section.5.7}{\376\377\0005\000.\0007\000\040\000L\000i\000b\000F\000i\000l\000e\000\040\000C\000l\000a\000s\000s\000\040\000R\000e\000f\000e\000r\000e\000n\000c\000e}{chapter.5}% 109
\BOOKMARK [2][-]{subsection.5.7.1}{\376\377\0005\000.\0007\000.\0001\000\040\000D\000e\000t\000a\000i\000l\000e\000d\000\040\000D\000e\000s\000c\000r\000i\000p\000t\000i\000o\000n}{section.5.7}% 110
\BOOKMARK [2][-]{subsection.5.7.2}{\376\377\0005\000.\0007\000.\0002\000\040\000C\000o\000n\000s\000t\000r\000u\000c\000t\000o\000r\000\040\000\046\000\040\000D\000e\000s\000t\000r\000u\000c\000t\000o\000r\000\040\000D\000o\000c\000u\000m\000e\000n\000t\000a\000t\000i\000o\000n}{section.5.7}% 111
\BOOKMARK [3][-]{subsubsection.5.7.2.1}{\376\377\0005\000.\0007\000.\0002\000.\0001\000\040\000L\000i\000b\000F\000i\000l\000e\000\050\000\051}{subsection.5.7.2}% 112
\BOOKMARK [3][-]{subsubsection.5.7.2.2}{\376\377\0005\000.\0007\000.\0002\000.\0002\000\040\000\040\000L\000i\000b\000F\000i\000l\000e\000\050\000\051}{subsection.5.7.2}% 113
\BOOKMARK [2][-]{subsection.5.7.3}{\376\377\0005\000.\0007\000.\0003\000\040\000M\000e\000m\000b\000e\000r\000\040\000F\000u\000n\000c\000t\000i\000o\000n\000\040\000D\000o\000c\000u\000m\000e\000n\000t\000a\000t\000i\000o\000n}{section.5.7}% 114
\BOOKMARK [3][-]{subsubsection.5.7.3.1}{\376\377\0005\000.\0007\000.\0003\000.\0001\000\040\000c\000h\000e\000c\000k\000T\000i\000m\000i\000n\000g\000A\000r\000c\000M\000o\000n\000o\000t\000o\000n\000i\000c\000i\000t\000y\000\050\000\051}{subsection.5.7.3}% 115
\BOOKMARK [3][-]{subsubsection.5.7.3.2}{\376\377\0005\000.\0007\000.\0003\000.\0002\000\040\000m\000o\000d\000i\000f\000y\000\050\000\051}{subsection.5.7.3}% 116
\BOOKMARK [3][-]{subsubsection.5.7.3.3}{\376\377\0005\000.\0007\000.\0003\000.\0003\000\040\000m\000o\000n\000o\000\050\000\051}{subsection.5.7.3}% 117
\BOOKMARK [3][-]{subsubsection.5.7.3.4}{\376\377\0005\000.\0007\000.\0003\000.\0004\000\040\000p\000a\000r\000s\000e\000\050\000\051}{subsection.5.7.3}% 118
\BOOKMARK [3][-]{subsubsection.5.7.3.5}{\376\377\0005\000.\0007\000.\0003\000.\0005\000\040\000r\000e\000a\000d\000\050\000\051}{subsection.5.7.3}% 119
\BOOKMARK [3][-]{subsubsection.5.7.3.6}{\376\377\0005\000.\0007\000.\0003\000.\0006\000\040\000s\000u\000p\000e\000r\000c\000e\000l\000l\000\050\000\051}{subsection.5.7.3}% 120
\BOOKMARK [3][-]{subsubsection.5.7.3.7}{\376\377\0005\000.\0007\000.\0003\000.\0007\000\040\000v\000e\000r\000i\000l\000o\000g\000\050\000\051}{subsection.5.7.3}% 121
\BOOKMARK [3][-]{subsubsection.5.7.3.8}{\376\377\0005\000.\0007\000.\0003\000.\0008\000\040\000w\000r\000i\000t\000e\000J\000s\000o\000n\000T\000o\000F\000i\000l\000e\000\050\000\051}{subsection.5.7.3}% 122
\BOOKMARK [2][-]{subsection.5.7.4}{\376\377\0005\000.\0007\000.\0004\000\040\000M\000e\000m\000b\000e\000r\000\040\000D\000a\000t\000a\000\040\000D\000o\000c\000u\000m\000e\000n\000t\000a\000t\000i\000o\000n}{section.5.7}% 123
\BOOKMARK [3][-]{subsubsection.5.7.4.1}{\376\377\0005\000.\0007\000.\0004\000.\0001\000\040\000b\000a\000s\000e\000n\000a\000m\000e\000\137}{subsection.5.7.4}% 124
\BOOKMARK [3][-]{subsubsection.5.7.4.2}{\376\377\0005\000.\0007\000.\0004\000.\0002\000\040\000e\000r\000r\000\137}{subsection.5.7.4}% 125
\BOOKMARK [3][-]{subsubsection.5.7.4.3}{\376\377\0005\000.\0007\000.\0004\000.\0003\000\040\000f\000i\000l\000e\000n\000a\000m\000e\000\137}{subsection.5.7.4}% 126
\BOOKMARK [3][-]{subsubsection.5.7.4.4}{\376\377\0005\000.\0007\000.\0004\000.\0004\000\040\000f\000i\000l\000e\000p\000a\000t\000h\000\137}{subsection.5.7.4}% 127
\BOOKMARK [3][-]{subsubsection.5.7.4.5}{\376\377\0005\000.\0007\000.\0004\000.\0005\000\040\000j\000s\000o\000n\000n\000a\000m\000e\000\137}{subsection.5.7.4}% 128
\BOOKMARK [3][-]{subsubsection.5.7.4.6}{\376\377\0005\000.\0007\000.\0004\000.\0006\000\040\000l\000i\000b\000\137\000j\000s\000o\000n\000\137}{subsection.5.7.4}% 129
\BOOKMARK [3][-]{subsubsection.5.7.4.7}{\376\377\0005\000.\0007\000.\0004\000.\0007\000\040\000l\000i\000b\000n\000a\000m\000e\000\137}{subsection.5.7.4}% 130
\BOOKMARK [3][-]{subsubsection.5.7.4.8}{\376\377\0005\000.\0007\000.\0004\000.\0008\000\040\000l\000o\000g\000g\000e\000r\000\137}{subsection.5.7.4}% 131
\BOOKMARK [3][-]{subsubsection.5.7.4.9}{\376\377\0005\000.\0007\000.\0004\000.\0009\000\040\000l\000o\000g\000g\000e\000r\000n\000a\000m\000e\000\137}{subsection.5.7.4}% 132
\BOOKMARK [3][-]{subsubsection.5.7.4.10}{\376\377\0005\000.\0007\000.\0004\000.\0001\0000\000\040\000p\000r\000o\000c\000e\000s\000s\000\137}{subsection.5.7.4}% 133
\BOOKMARK [3][-]{subsubsection.5.7.4.11}{\376\377\0005\000.\0007\000.\0004\000.\0001\0001\000\040\000t\000e\000m\000p\000e\000r\000a\000t\000u\000r\000e\000\137}{subsection.5.7.4}% 134
\BOOKMARK [3][-]{subsubsection.5.7.4.12}{\376\377\0005\000.\0007\000.\0004\000.\0001\0002\000\040\000v\000o\000l\000t\000a\000g\000e\000\137}{subsection.5.7.4}% 135
\BOOKMARK [1][-]{section.5.8}{\376\377\0005\000.\0008\000\040\000L\000i\000b\000G\000r\000o\000u\000p\000\040\000C\000l\000a\000s\000s\000\040\000R\000e\000f\000e\000r\000e\000n\000c\000e}{chapter.5}% 136
\BOOKMARK [2][-]{subsection.5.8.1}{\376\377\0005\000.\0008\000.\0001\000\040\000D\000e\000t\000a\000i\000l\000e\000d\000\040\000D\000e\000s\000c\000r\000i\000p\000t\000i\000o\000n}{section.5.8}% 137
\BOOKMARK [2][-]{subsection.5.8.2}{\376\377\0005\000.\0008\000.\0002\000\040\000C\000o\000n\000s\000t\000r\000u\000c\000t\000o\000r\000\040\000\046\000\040\000D\000e\000s\000t\000r\000u\000c\000t\000o\000r\000\040\000D\000o\000c\000u\000m\000e\000n\000t\000a\000t\000i\000o\000n}{section.5.8}% 138
\BOOKMARK [3][-]{subsubsection.5.8.2.1}{\376\377\0005\000.\0008\000.\0002\000.\0001\000\040\000L\000i\000b\000G\000r\000o\000u\000p\000\050\000\051}{subsection.5.8.2}% 139
\BOOKMARK [3][-]{subsubsection.5.8.2.2}{\376\377\0005\000.\0008\000.\0002\000.\0002\000\040\000\040\000L\000i\000b\000G\000r\000o\000u\000p\000\050\000\051}{subsection.5.8.2}% 140
\BOOKMARK [2][-]{subsection.5.8.3}{\376\377\0005\000.\0008\000.\0003\000\040\000M\000e\000m\000b\000e\000r\000\040\000F\000u\000n\000c\000t\000i\000o\000n\000\040\000D\000o\000c\000u\000m\000e\000n\000t\000a\000t\000i\000o\000n}{section.5.8}% 141
\BOOKMARK [3][-]{subsubsection.5.8.3.1}{\376\377\0005\000.\0008\000.\0003\000.\0001\000\040\000g\000e\000t\000A\000t\000t\000r\000s\000\050\000\051}{subsection.5.8.3}% 142
\BOOKMARK [3][-]{subsubsection.5.8.3.2}{\376\377\0005\000.\0008\000.\0003\000.\0002\000\040\000g\000e\000t\000G\000r\000o\000u\000p\000s\000\050\000\051}{subsection.5.8.3}% 143
\BOOKMARK [3][-]{subsubsection.5.8.3.3}{\376\377\0005\000.\0008\000.\0003\000.\0003\000\040\000g\000e\000t\000N\000a\000m\000e\000\050\000\051}{subsection.5.8.3}% 144
\BOOKMARK [3][-]{subsubsection.5.8.3.4}{\376\377\0005\000.\0008\000.\0003\000.\0004\000\040\000g\000e\000t\000T\000y\000p\000e\000\050\000\051}{subsection.5.8.3}% 145
\BOOKMARK [2][-]{subsection.5.8.4}{\376\377\0005\000.\0008\000.\0004\000\040\000M\000e\000m\000b\000e\000r\000\040\000D\000a\000t\000a\000\040\000D\000o\000c\000u\000m\000e\000n\000t\000a\000t\000i\000o\000n}{section.5.8}% 146
\BOOKMARK [3][-]{subsubsection.5.8.4.1}{\376\377\0005\000.\0008\000.\0004\000.\0001\000\040\000e\000r\000r\000\137}{subsection.5.8.4}% 147
\BOOKMARK [3][-]{subsubsection.5.8.4.2}{\376\377\0005\000.\0008\000.\0004\000.\0002\000\040\000g\000r\000o\000u\000p\000\137}{subsection.5.8.4}% 148
\BOOKMARK [1][-]{section.5.9}{\376\377\0005\000.\0009\000\040\000L\000i\000b\000r\000a\000r\000y\000C\000o\000m\000p\000a\000r\000a\000t\000o\000r\000\040\000C\000l\000a\000s\000s\000\040\000R\000e\000f\000e\000r\000e\000n\000c\000e}{chapter.5}% 149
\BOOKMARK [2][-]{subsection.5.9.1}{\376\377\0005\000.\0009\000.\0001\000\040\000D\000e\000t\000a\000i\000l\000e\000d\000\040\000D\000e\000s\000c\000r\000i\000p\000t\000i\000o\000n}{section.5.9}% 150
\BOOKMARK [2][-]{subsection.5.9.2}{\376\377\0005\000.\0009\000.\0002\000\040\000C\000o\000n\000s\000t\000r\000u\000c\000t\000o\000r\000\040\000\046\000\040\000D\000e\000s\000t\000r\000u\000c\000t\000o\000r\000\040\000D\000o\000c\000u\000m\000e\000n\000t\000a\000t\000i\000o\000n}{section.5.9}% 151
\BOOKMARK [3][-]{subsubsection.5.9.2.1}{\376\377\0005\000.\0009\000.\0002\000.\0001\000\040\000L\000i\000b\000r\000a\000r\000y\000C\000o\000m\000p\000a\000r\000a\000t\000o\000r\000\050\000\051}{subsection.5.9.2}% 152
\BOOKMARK [2][-]{subsection.5.9.3}{\376\377\0005\000.\0009\000.\0003\000\040\000M\000e\000m\000b\000e\000r\000\040\000F\000u\000n\000c\000t\000i\000o\000n\000\040\000D\000o\000c\000u\000m\000e\000n\000t\000a\000t\000i\000o\000n}{section.5.9}% 153
\BOOKMARK [3][-]{subsubsection.5.9.3.1}{\376\377\0005\000.\0009\000.\0003\000.\0001\000\040\000c\000o\000m\000p\000a\000r\000e\000C\000e\000l\000l\000\050\000\051}{subsection.5.9.3}% 154
\BOOKMARK [3][-]{subsubsection.5.9.3.2}{\376\377\0005\000.\0009\000.\0003\000.\0002\000\040\000c\000o\000m\000p\000a\000r\000e\000L\000u\000t\000\050\000\051}{subsection.5.9.3}% 155
\BOOKMARK [3][-]{subsubsection.5.9.3.3}{\376\377\0005\000.\0009\000.\0003\000.\0003\000\040\000c\000o\000m\000p\000a\000r\000e\000P\000i\000n\000\050\000\051}{subsection.5.9.3}% 156
\BOOKMARK [3][-]{subsubsection.5.9.3.4}{\376\377\0005\000.\0009\000.\0003\000.\0004\000\040\000c\000o\000m\000p\000a\000r\000e\000T\000i\000m\000i\000n\000g\000A\000r\000c\000\050\000\051}{subsection.5.9.3}% 157
\BOOKMARK [3][-]{subsubsection.5.9.3.5}{\376\377\0005\000.\0009\000.\0003\000.\0005\000\040\000g\000e\000n\000e\000r\000a\000t\000e\000R\000e\000p\000o\000r\000t\000\050\000\051}{subsection.5.9.3}% 158
\BOOKMARK [2][-]{subsection.5.9.4}{\376\377\0005\000.\0009\000.\0004\000\040\000M\000e\000m\000b\000e\000r\000\040\000D\000a\000t\000a\000\040\000D\000o\000c\000u\000m\000e\000n\000t\000a\000t\000i\000o\000n}{section.5.9}% 159
\BOOKMARK [3][-]{subsubsection.5.9.4.1}{\376\377\0005\000.\0009\000.\0004\000.\0001\000\040\000a\000b\000s\000t\000o\000l\000\137}{subsection.5.9.4}% 160
\BOOKMARK [3][-]{subsubsection.5.9.4.2}{\376\377\0005\000.\0009\000.\0004\000.\0002\000\040\000c\000o\000m\000p\000\137\000j\000s\000o\000n\000\137}{subsection.5.9.4}% 161
\BOOKMARK [3][-]{subsubsection.5.9.4.3}{\376\377\0005\000.\0009\000.\0004\000.\0003\000\040\000c\000o\000m\000p\000\137\000l\000i\000b\000\137\000p\000a\000t\000h\000\137}{subsection.5.9.4}% 162
\BOOKMARK [3][-]{subsubsection.5.9.4.4}{\376\377\0005\000.\0009\000.\0004\000.\0004\000\040\000r\000e\000f\000\137\000j\000s\000o\000n\000\137}{subsection.5.9.4}% 163
\BOOKMARK [3][-]{subsubsection.5.9.4.5}{\376\377\0005\000.\0009\000.\0004\000.\0005\000\040\000r\000e\000f\000\137\000l\000i\000b\000\137\000p\000a\000t\000h\000\137}{subsection.5.9.4}% 164
\BOOKMARK [3][-]{subsubsection.5.9.4.6}{\376\377\0005\000.\0009\000.\0004\000.\0006\000\040\000r\000e\000l\000t\000o\000l\000\137}{subsection.5.9.4}% 165
\BOOKMARK [1][-]{section.5.10}{\376\377\0005\000.\0001\0000\000\040\000s\000i\0002\000d\000r\000E\000x\000p\000r\000T\000\040\000S\000t\000r\000u\000c\000t\000\040\000R\000e\000f\000e\000r\000e\000n\000c\000e}{chapter.5}% 166
\BOOKMARK [2][-]{subsection.5.10.1}{\376\377\0005\000.\0001\0000\000.\0001\000\040\000D\000e\000t\000a\000i\000l\000e\000d\000\040\000D\000e\000s\000c\000r\000i\000p\000t\000i\000o\000n}{section.5.10}% 167
\BOOKMARK [2][-]{subsection.5.10.2}{\376\377\0005\000.\0001\0000\000.\0002\000\040\000M\000e\000m\000b\000e\000r\000\040\000D\000a\000t\000a\000\040\000D\000o\000c\000u\000m\000e\000n\000t\000a\000t\000i\000o\000n}{section.5.10}% 168
\BOOKMARK [3][-]{subsubsection.5.10.2.1}{\376\377\0005\000.\0001\0000\000.\0002\000.\0001\000\040\000b}{subsection.5.10.2}% 169
\BOOKMARK [3][-]{subsubsection.5.10.2.2}{\376\377\0005\000.\0001\0000\000.\0002\000.\0002\000\040\000d}{subsection.5.10.2}% 170
\BOOKMARK [3][-]{subsubsection.5.10.2.3}{\376\377\0005\000.\0001\0000\000.\0002\000.\0003\000\040\000i}{subsection.5.10.2}% 171
\BOOKMARK [3][-]{subsubsection.5.10.2.4}{\376\377\0005\000.\0001\0000\000.\0002\000.\0004\000\040\000l\000e\000f\000t}{subsection.5.10.2}% 172
\BOOKMARK [3][-]{subsubsection.5.10.2.5}{\376\377\0005\000.\0001\0000\000.\0002\000.\0005\000\040\000r\000i\000g\000h\000t}{subsection.5.10.2}% 173
\BOOKMARK [3][-]{subsubsection.5.10.2.6}{\376\377\0005\000.\0001\0000\000.\0002\000.\0006\000\040\000s}{subsection.5.10.2}% 174
\BOOKMARK [3][-]{subsubsection.5.10.2.7}{\376\377\0005\000.\0001\0000\000.\0002\000.\0007\000\040\000t\000y\000p\000e}{subsection.5.10.2}% 175
\BOOKMARK [3][-]{subsubsection.5.10.2.8}{\376\377\0005\000.\0001\0000\000.\0002\000.\0008\000\040}{subsection.5.10.2}% 176
\BOOKMARK [3][-]{subsubsection.5.10.2.9}{\376\377\0005\000.\0001\0000\000.\0002\000.\0009\000\040\000v\000a\000l\000u\000e\000t\000y\000p\000e}{subsection.5.10.2}% 177
\BOOKMARK [1][-]{section.5.11}{\376\377\0005\000.\0001\0001\000\040\000s\000i\0002\000O\000I\000D\000\040\000S\000t\000r\000u\000c\000t\000\040\000R\000e\000f\000e\000r\000e\000n\000c\000e}{chapter.5}% 178
\BOOKMARK [2][-]{subsection.5.11.1}{\376\377\0005\000.\0001\0001\000.\0001\000\040\000D\000e\000t\000a\000i\000l\000e\000d\000\040\000D\000e\000s\000c\000r\000i\000p\000t\000i\000o\000n}{section.5.11}% 179
\BOOKMARK [2][-]{subsection.5.11.2}{\376\377\0005\000.\0001\0001\000.\0002\000\040\000M\000e\000m\000b\000e\000r\000\040\000D\000a\000t\000a\000\040\000D\000o\000c\000u\000m\000e\000n\000t\000a\000t\000i\000o\000n}{section.5.11}% 180
\BOOKMARK [3][-]{subsubsection.5.11.2.1}{\376\377\0005\000.\0001\0001\000.\0002\000.\0001\000\040\000v\0001}{subsection.5.11.2}% 181
\BOOKMARK [3][-]{subsubsection.5.11.2.2}{\376\377\0005\000.\0001\0001\000.\0002\000.\0002\000\040\000v\0002}{subsection.5.11.2}% 182
\BOOKMARK [1][-]{section.5.12}{\376\377\0005\000.\0001\0002\000\040\000V\000a\000l\000u\000e\000s\000I\000t\000e\000r\000a\000t\000o\000r\000\040\000C\000l\000a\000s\000s\000\040\000R\000e\000f\000e\000r\000e\000n\000c\000e}{chapter.5}% 183
\BOOKMARK [2][-]{subsection.5.12.1}{\376\377\0005\000.\0001\0002\000.\0001\000\040\000D\000e\000t\000a\000i\000l\000e\000d\000\040\000D\000e\000s\000c\000r\000i\000p\000t\000i\000o\000n}{section.5.12}% 184
\BOOKMARK [2][-]{subsection.5.12.2}{\376\377\0005\000.\0001\0002\000.\0002\000\040\000C\000o\000n\000s\000t\000r\000u\000c\000t\000o\000r\000\040\000\046\000\040\000D\000e\000s\000t\000r\000u\000c\000t\000o\000r\000\040\000D\000o\000c\000u\000m\000e\000n\000t\000a\000t\000i\000o\000n}{section.5.12}% 185
\BOOKMARK [3][-]{subsubsection.5.12.2.1}{\376\377\0005\000.\0001\0002\000.\0002\000.\0001\000\040\000V\000a\000l\000u\000e\000s\000I\000t\000e\000r\000a\000t\000o\000r\000\050\000\051}{subsection.5.12.2}% 186
\BOOKMARK [3][-]{subsubsection.5.12.2.2}{\376\377\0005\000.\0001\0002\000.\0002\000.\0002\000\040\000\040\000V\000a\000l\000u\000e\000s\000I\000t\000e\000r\000a\000t\000o\000r\000\050\000\051}{subsection.5.12.2}% 187
\BOOKMARK [2][-]{subsection.5.12.3}{\376\377\0005\000.\0001\0002\000.\0003\000\040\000M\000e\000m\000b\000e\000r\000\040\000F\000u\000n\000c\000t\000i\000o\000n\000\040\000D\000o\000c\000u\000m\000e\000n\000t\000a\000t\000i\000o\000n}{section.5.12}% 188
\BOOKMARK [3][-]{subsubsection.5.12.3.1}{\376\377\0005\000.\0001\0002\000.\0003\000.\0001\000\040\000e\000n\000d\000\050\000\051}{subsection.5.12.3}% 189
\BOOKMARK [3][-]{subsubsection.5.12.3.2}{\376\377\0005\000.\0001\0002\000.\0003\000.\0002\000\040\000n\000e\000x\000t\000\050\000\051}{subsection.5.12.3}% 190
\BOOKMARK [2][-]{subsection.5.12.4}{\376\377\0005\000.\0001\0002\000.\0004\000\040\000M\000e\000m\000b\000e\000r\000\040\000D\000a\000t\000a\000\040\000D\000o\000c\000u\000m\000e\000n\000t\000a\000t\000i\000o\000n}{section.5.12}% 191
\BOOKMARK [3][-]{subsubsection.5.12.4.1}{\376\377\0005\000.\0001\0002\000.\0004\000.\0001\000\040\000b\000o\000o\000l\000\137}{subsection.5.12.4}% 192
\BOOKMARK [3][-]{subsubsection.5.12.4.2}{\376\377\0005\000.\0001\0002\000.\0004\000.\0002\000\040\000e\000r\000r\000\137}{subsection.5.12.4}% 193
\BOOKMARK [3][-]{subsubsection.5.12.4.3}{\376\377\0005\000.\0001\0002\000.\0004\000.\0003\000\040\000e\000x\000p\000r\000p\000\137}{subsection.5.12.4}% 194
\BOOKMARK [3][-]{subsubsection.5.12.4.4}{\376\377\0005\000.\0001\0002\000.\0004\000.\0004\000\040\000f\000l\000o\000a\000t\000\137}{subsection.5.12.4}% 195
\BOOKMARK [3][-]{subsubsection.5.12.4.5}{\376\377\0005\000.\0001\0002\000.\0004\000.\0005\000\040\000i\000n\000t\000\137}{subsection.5.12.4}% 196
\BOOKMARK [3][-]{subsubsection.5.12.4.6}{\376\377\0005\000.\0001\0002\000.\0004\000.\0006\000\040\000s\000t\000r\000\137}{subsection.5.12.4}% 197
\BOOKMARK [3][-]{subsubsection.5.12.4.7}{\376\377\0005\000.\0001\0002\000.\0004\000.\0007\000\040\000v\000a\000l\000u\000e\000s\000\137}{subsection.5.12.4}% 198
\BOOKMARK [3][-]{subsubsection.5.12.4.8}{\376\377\0005\000.\0001\0002\000.\0004\000.\0008\000\040\000v\000t\000y\000p\000e\000\137}{subsection.5.12.4}% 199
\BOOKMARK [1][-]{section.5.13}{\376\377\0005\000.\0001\0003\000\040\000V\000e\000r\000i\000l\000o\000g\000V\000i\000s\000i\000t\000o\000r\000\040\000C\000l\000a\000s\000s\000\040\000R\000e\000f\000e\000r\000e\000n\000c\000e}{chapter.5}% 200
\BOOKMARK [2][-]{subsection.5.13.1}{\376\377\0005\000.\0001\0003\000.\0001\000\040\000D\000e\000t\000a\000i\000l\000e\000d\000\040\000D\000e\000s\000c\000r\000i\000p\000t\000i\000o\000n}{section.5.13}% 201
\BOOKMARK [2][-]{subsection.5.13.2}{\376\377\0005\000.\0001\0003\000.\0002\000\040\000C\000o\000n\000s\000t\000r\000u\000c\000t\000o\000r\000\040\000\046\000\040\000D\000e\000s\000t\000r\000u\000c\000t\000o\000r\000\040\000D\000o\000c\000u\000m\000e\000n\000t\000a\000t\000i\000o\000n}{section.5.13}% 202
\BOOKMARK [3][-]{subsubsection.5.13.2.1}{\376\377\0005\000.\0001\0003\000.\0002\000.\0001\000\040\000V\000e\000r\000i\000l\000o\000g\000V\000i\000s\000i\000t\000o\000r\000\050\000\051}{subsection.5.13.2}% 203
\BOOKMARK [2][-]{subsection.5.13.3}{\376\377\0005\000.\0001\0003\000.\0003\000\040\000M\000e\000m\000b\000e\000r\000\040\000F\000u\000n\000c\000t\000i\000o\000n\000\040\000D\000o\000c\000u\000m\000e\000n\000t\000a\000t\000i\000o\000n}{section.5.13}% 204
\BOOKMARK [3][-]{subsubsection.5.13.3.1}{\376\377\0005\000.\0001\0003\000.\0003\000.\0001\000\040\000h\000a\000n\000d\000l\000e\000\050\000\051\000\040\000[\0001\000/\0006\000]}{subsection.5.13.3}% 205
\BOOKMARK [3][-]{subsubsection.5.13.3.2}{\376\377\0005\000.\0001\0003\000.\0003\000.\0002\000\040\000h\000a\000n\000d\000l\000e\000\050\000\051\000\040\000[\0002\000/\0006\000]}{subsection.5.13.3}% 206
\BOOKMARK [3][-]{subsubsection.5.13.3.3}{\376\377\0005\000.\0001\0003\000.\0003\000.\0003\000\040\000h\000a\000n\000d\000l\000e\000\050\000\051\000\040\000[\0003\000/\0006\000]}{subsection.5.13.3}% 207
\BOOKMARK [3][-]{subsubsection.5.13.3.4}{\376\377\0005\000.\0001\0003\000.\0003\000.\0004\000\040\000h\000a\000n\000d\000l\000e\000\050\000\051\000\040\000[\0004\000/\0006\000]}{subsection.5.13.3}% 208
\BOOKMARK [3][-]{subsubsection.5.13.3.5}{\376\377\0005\000.\0001\0003\000.\0003\000.\0005\000\040\000h\000a\000n\000d\000l\000e\000\050\000\051\000\040\000[\0005\000/\0006\000]}{subsection.5.13.3}% 209
\BOOKMARK [3][-]{subsubsection.5.13.3.6}{\376\377\0005\000.\0001\0003\000.\0003\000.\0006\000\040\000h\000a\000n\000d\000l\000e\000\050\000\051\000\040\000[\0006\000/\0006\000]}{subsection.5.13.3}% 210
\BOOKMARK [2][-]{subsection.5.13.4}{\376\377\0005\000.\0001\0003\000.\0004\000\040\000M\000e\000m\000b\000e\000r\000\040\000D\000a\000t\000a\000\040\000D\000o\000c\000u\000m\000e\000n\000t\000a\000t\000i\000o\000n}{section.5.13}% 211
\BOOKMARK [3][-]{subsubsection.5.13.4.1}{\376\377\0005\000.\0001\0003\000.\0004\000.\0001\000\040\000d\000e\000p\000t\000h\000\137}{subsection.5.13.4}% 212
\BOOKMARK [3][-]{subsubsection.5.13.4.2}{\376\377\0005\000.\0001\0003\000.\0004\000.\0002\000\040\000i\000n\000T\000a\000r\000g\000e\000t\000M\000o\000d\000u\000l\000e\000\137}{subsection.5.13.4}% 213
\BOOKMARK [3][-]{subsubsection.5.13.4.3}{\376\377\0005\000.\0001\0003\000.\0004\000.\0003\000\040\000t\000a\000r\000g\000e\000t\000C\000e\000l\000l\000\137}{subsection.5.13.4}% 214
\BOOKMARK [0][-]{chapter.6}{\376\377\0006\000\040\000F\000i\000l\000e\000\040\000D\000o\000c\000u\000m\000e\000n\000t\000a\000t\000i\000o\000n}{}% 215
\BOOKMARK [1][-]{section.6.1}{\376\377\0006\000.\0001\000\040\000i\000n\000c\000l\000u\000d\000e\000/\000c\000o\000m\000p\000a\000r\000e\000.\000h\000p\000p\000\040\000F\000i\000l\000e\000\040\000R\000e\000f\000e\000r\000e\000n\000c\000e}{chapter.6}% 216
\BOOKMARK [2][-]{subsection.6.1.1}{\376\377\0006\000.\0001\000.\0001\000\040\000T\000y\000p\000e\000d\000e\000f\000\040\000D\000o\000c\000u\000m\000e\000n\000t\000a\000t\000i\000o\000n}{section.6.1}% 217
\BOOKMARK [3][-]{subsubsection.6.1.1.1}{\376\377\0006\000.\0001\000.\0001\000.\0001\000\040\000j\000s\000o\000n}{subsection.6.1.1}% 218
\BOOKMARK [1][-]{section.6.2}{\376\377\0006\000.\0002\000\040\000c\000o\000m\000p\000a\000r\000e\000.\000h\000p\000p}{chapter.6}% 219
\BOOKMARK [1][-]{section.6.3}{\376\377\0006\000.\0003\000\040\000i\000n\000c\000l\000u\000d\000e\000/\000i\000t\000e\000r\000a\000t\000o\000r\000s\000.\000h\000p\000p\000\040\000F\000i\000l\000e\000\040\000R\000e\000f\000e\000r\000e\000n\000c\000e}{chapter.6}% 220
\BOOKMARK [1][-]{section.6.4}{\376\377\0006\000.\0004\000\040\000i\000t\000e\000r\000a\000t\000o\000r\000s\000.\000h\000p\000p}{chapter.6}% 221
\BOOKMARK [1][-]{section.6.5}{\376\377\0006\000.\0005\000\040\000i\000n\000c\000l\000u\000d\000e\000/\000j\000s\000o\000n\000\137\000u\000t\000i\000l\000s\000.\000h\000p\000p\000\040\000F\000i\000l\000e\000\040\000R\000e\000f\000e\000r\000e\000n\000c\000e}{chapter.6}% 222
\BOOKMARK [2][-]{subsection.6.5.1}{\376\377\0006\000.\0005\000.\0001\000\040\000T\000y\000p\000e\000d\000e\000f\000\040\000D\000o\000c\000u\000m\000e\000n\000t\000a\000t\000i\000o\000n}{section.6.5}% 223
\BOOKMARK [3][-]{subsubsection.6.5.1.1}{\376\377\0006\000.\0005\000.\0001\000.\0001\000\040\000j\000s\000o\000n}{subsection.6.5.1}% 224
\BOOKMARK [2][-]{subsection.6.5.2}{\376\377\0006\000.\0005\000.\0002\000\040\000F\000u\000n\000c\000t\000i\000o\000n\000\040\000D\000o\000c\000u\000m\000e\000n\000t\000a\000t\000i\000o\000n}{section.6.5}% 225
\BOOKMARK [3][-]{subsubsection.6.5.2.1}{\376\377\0006\000.\0005\000.\0002\000.\0001\000\040\000g\000e\000n\000e\000r\000a\000t\000e\000C\000e\000l\000l\000J\000s\000o\000n\000\050\000\051}{subsection.6.5.2}% 226
\BOOKMARK [3][-]{subsubsection.6.5.2.2}{\376\377\0006\000.\0005\000.\0002\000.\0002\000\040\000g\000e\000n\000e\000r\000a\000t\000e\000L\000u\000t\000J\000s\000o\000n\000\050\000\051}{subsection.6.5.2}% 227
\BOOKMARK [3][-]{subsubsection.6.5.2.3}{\376\377\0006\000.\0005\000.\0002\000.\0003\000\040\000g\000e\000n\000e\000r\000a\000t\000e\000P\000i\000n\000J\000s\000o\000n\000\050\000\051}{subsection.6.5.2}% 228
\BOOKMARK [3][-]{subsubsection.6.5.2.4}{\376\377\0006\000.\0005\000.\0002\000.\0004\000\040\000g\000e\000n\000e\000r\000a\000t\000e\000P\000o\000w\000e\000r\000J\000s\000o\000n\000\050\000\051}{subsection.6.5.2}% 229
\BOOKMARK [1][-]{section.6.6}{\376\377\0006\000.\0006\000\040\000j\000s\000o\000n\000\137\000u\000t\000i\000l\000s\000.\000h\000p\000p}{chapter.6}% 230
\BOOKMARK [1][-]{section.6.7}{\376\377\0006\000.\0007\000\040\000i\000n\000c\000l\000u\000d\000e\000/\000l\000i\000b\000\137\000a\000t\000t\000r\000i\000b\000u\000t\000e\000.\000h\000p\000p\000\040\000F\000i\000l\000e\000\040\000R\000e\000f\000e\000r\000e\000n\000c\000e}{chapter.6}% 231
\BOOKMARK [1][-]{section.6.8}{\376\377\0006\000.\0008\000\040\000l\000i\000b\000\137\000a\000t\000t\000r\000i\000b\000u\000t\000e\000.\000h\000p\000p}{chapter.6}% 232
\BOOKMARK [1][-]{section.6.9}{\376\377\0006\000.\0009\000\040\000i\000n\000c\000l\000u\000d\000e\000/\000l\000i\000b\000\137\000f\000i\000l\000e\000.\000h\000p\000p\000\040\000F\000i\000l\000e\000\040\000R\000e\000f\000e\000r\000e\000n\000c\000e}{chapter.6}% 233
\BOOKMARK [2][-]{subsection.6.9.1}{\376\377\0006\000.\0009\000.\0001\000\040\000T\000y\000p\000e\000d\000e\000f\000\040\000D\000o\000c\000u\000m\000e\000n\000t\000a\000t\000i\000o\000n}{section.6.9}% 234
\BOOKMARK [3][-]{subsubsection.6.9.1.1}{\376\377\0006\000.\0009\000.\0001\000.\0001\000\040\000j\000s\000o\000n}{subsection.6.9.1}% 235
\BOOKMARK [1][-]{section.6.10}{\376\377\0006\000.\0001\0000\000\040\000l\000i\000b\000\137\000f\000i\000l\000e\000.\000h\000p\000p}{chapter.6}% 236
\BOOKMARK [1][-]{section.6.11}{\376\377\0006\000.\0001\0001\000\040\000i\000n\000c\000l\000u\000d\000e\000/\000l\000i\000b\000\137\000g\000r\000o\000u\000p\000.\000h\000p\000p\000\040\000F\000i\000l\000e\000\040\000R\000e\000f\000e\000r\000e\000n\000c\000e}{chapter.6}% 237
\BOOKMARK [1][-]{section.6.12}{\376\377\0006\000.\0001\0002\000\040\000l\000i\000b\000\137\000g\000r\000o\000u\000p\000.\000h\000p\000p}{chapter.6}% 238
\BOOKMARK [1][-]{section.6.13}{\376\377\0006\000.\0001\0003\000\040\000i\000n\000c\000l\000u\000d\000e\000/\000s\000i\0002\000d\000r\000\137\000l\000i\000b\000e\000r\000t\000y\000.\000h\000\040\000F\000i\000l\000e\000\040\000R\000e\000f\000e\000r\000e\000n\000c\000e}{chapter.6}% 239
\BOOKMARK [2][-]{subsection.6.13.1}{\376\377\0006\000.\0001\0003\000.\0001\000\040\000M\000a\000c\000r\000o\000\040\000D\000e\000f\000i\000n\000i\000t\000i\000o\000n\000\040\000D\000o\000c\000u\000m\000e\000n\000t\000a\000t\000i\000o\000n}{section.6.13}% 240
\BOOKMARK [3][-]{subsubsection.6.13.1.1}{\376\377\0006\000.\0001\0003\000.\0001\000.\0001\000\040\000L\000O\000N\000G\000\137\000D\000O\000U\000B\000L\000E}{subsection.6.13.1}% 241
\BOOKMARK [3][-]{subsubsection.6.13.1.2}{\376\377\0006\000.\0001\0003\000.\0001\000.\0002\000\040\000S\000I\0002\000\137\000A\000R\000G\000S}{subsection.6.13.1}% 242
\BOOKMARK [3][-]{subsubsection.6.13.1.3}{\376\377\0006\000.\0001\0003\000.\0001\000.\0003\000\040\000S\000I\0002\000\137\000L\000O\000N\000G\000\137\000M\000A\000X}{subsection.6.13.1}% 243
\BOOKMARK [3][-]{subsubsection.6.13.1.4}{\376\377\0006\000.\0001\0003\000.\0001\000.\0004\000\040\000S\000I\0002\000\137\000L\000O\000N\000G\000\137\000M\000I\000N}{subsection.6.13.1}% 244
\BOOKMARK [3][-]{subsubsection.6.13.1.5}{\376\377\0006\000.\0001\0003\000.\0001\000.\0005\000\040\000S\000I\0002\000\137\000U\000L\000O\000N\000G\000\137\000M\000A\000X}{subsection.6.13.1}% 245
\BOOKMARK [3][-]{subsubsection.6.13.1.6}{\376\377\0006\000.\0001\0003\000.\0001\000.\0006\000\040\000S\000I\0002\000D\000R\000\137\000F\000A\000L\000S\000E}{subsection.6.13.1}% 246
\BOOKMARK [3][-]{subsubsection.6.13.1.7}{\376\377\0006\000.\0001\0003\000.\0001\000.\0007\000\040\000S\000I\0002\000D\000R\000\137\000M\000A\000X\000\137\000F\000L\000O\000A\000T\0003\0002}{subsection.6.13.1}% 247
\BOOKMARK [3][-]{subsubsection.6.13.1.8}{\376\377\0006\000.\0001\0003\000.\0001\000.\0008\000\040\000S\000I\0002\000D\000R\000\137\000M\000A\000X\000\137\000F\000L\000O\000A\000T\0006\0004}{subsection.6.13.1}% 248
\BOOKMARK [3][-]{subsubsection.6.13.1.9}{\376\377\0006\000.\0001\0003\000.\0001\000.\0009\000\040\000S\000I\0002\000D\000R\000\137\000M\000A\000X\000\137\000I\000N\000T\0003\0002}{subsection.6.13.1}% 249
\BOOKMARK [3][-]{subsubsection.6.13.1.10}{\376\377\0006\000.\0001\0003\000.\0001\000.\0001\0000\000\040\000S\000I\0002\000D\000R\000\137\000M\000A\000X\000\137\000S\000T\000R\000I\000N\000G\000\137\000L\000E\000N}{subsection.6.13.1}% 250
\BOOKMARK [3][-]{subsubsection.6.13.1.11}{\376\377\0006\000.\0001\0003\000.\0001\000.\0001\0001\000\040\000S\000I\0002\000D\000R\000\137\000M\000I\000N\000\137\000F\000L\000O\000A\000T\0003\0002}{subsection.6.13.1}% 251
\BOOKMARK [3][-]{subsubsection.6.13.1.12}{\376\377\0006\000.\0001\0003\000.\0001\000.\0001\0002\000\040\000S\000I\0002\000D\000R\000\137\000M\000I\000N\000\137\000F\000L\000O\000A\000T\0006\0004}{subsection.6.13.1}% 252
\BOOKMARK [3][-]{subsubsection.6.13.1.13}{\376\377\0006\000.\0001\0003\000.\0001\000.\0001\0003\000\040\000S\000I\0002\000D\000R\000\137\000M\000I\000N\000\137\000I\000N\000T\0003\0002}{subsection.6.13.1}% 253
\BOOKMARK [3][-]{subsubsection.6.13.1.14}{\376\377\0006\000.\0001\0003\000.\0001\000.\0001\0004\000\040\000S\000I\0002\000D\000R\000\137\000T\000R\000U\000E}{subsection.6.13.1}% 254
\BOOKMARK [2][-]{subsection.6.13.2}{\376\377\0006\000.\0001\0003\000.\0002\000\040\000T\000y\000p\000e\000d\000e\000f\000\040\000D\000o\000c\000u\000m\000e\000n\000t\000a\000t\000i\000o\000n}{section.6.13}% 255
\BOOKMARK [3][-]{subsubsection.6.13.2.1}{\376\377\0006\000.\0001\0003\000.\0002\000.\0001\000\040\000s\000i\0002\000B\000o\000o\000l\000e\000a\000n\000T}{subsection.6.13.2}% 256
\BOOKMARK [3][-]{subsubsection.6.13.2.2}{\376\377\0006\000.\0001\0003\000.\0002\000.\0002\000\040\000s\000i\0002\000D\000o\000u\000b\000l\000e\000T}{subsection.6.13.2}% 257
\BOOKMARK [3][-]{subsubsection.6.13.2.3}{\376\377\0006\000.\0001\0003\000.\0002\000.\0003\000\040\000s\000i\0002\000d\000r\000A\000t\000t\000r\000C\000o\000m\000p\000l\000e\000x\000V\000a\000l\000I\000d\000T}{subsection.6.13.2}% 258
\BOOKMARK [3][-]{subsubsection.6.13.2.4}{\376\377\0006\000.\0001\0003\000.\0002\000.\0004\000\040\000s\000i\0002\000d\000r\000A\000t\000t\000r\000I\000d\000T}{subsection.6.13.2}% 259
\BOOKMARK [3][-]{subsubsection.6.13.2.5}{\376\377\0006\000.\0001\0003\000.\0002\000.\0005\000\040\000s\000i\0002\000d\000r\000A\000t\000t\000r\000s\000I\000d\000T}{subsection.6.13.2}% 260
\BOOKMARK [3][-]{subsubsection.6.13.2.6}{\376\377\0006\000.\0001\0003\000.\0002\000.\0006\000\040\000s\000i\0002\000d\000r\000A\000t\000t\000r\000T\000y\000p\000e\000T}{subsection.6.13.2}% 261
\BOOKMARK [3][-]{subsubsection.6.13.2.7}{\376\377\0006\000.\0001\0003\000.\0002\000.\0007\000\040\000s\000i\0002\000d\000r\000B\000o\000o\000l\000e\000a\000n\000T}{subsection.6.13.2}% 262
\BOOKMARK [3][-]{subsubsection.6.13.2.8}{\376\377\0006\000.\0001\0003\000.\0002\000.\0008\000\040\000s\000i\0002\000d\000r\000D\000e\000f\000i\000n\000e\000I\000d\000T}{subsection.6.13.2}% 263
\BOOKMARK [3][-]{subsubsection.6.13.2.9}{\376\377\0006\000.\0001\0003\000.\0002\000.\0009\000\040\000s\000i\0002\000d\000r\000D\000e\000f\000i\000n\000e\000s\000I\000d\000T}{subsection.6.13.2}% 264
\BOOKMARK [3][-]{subsubsection.6.13.2.10}{\376\377\0006\000.\0001\0003\000.\0002\000.\0001\0000\000\040\000s\000i\0002\000d\000r\000E\000r\000r\000o\000r\000T}{subsection.6.13.2}% 265
\BOOKMARK [3][-]{subsubsection.6.13.2.11}{\376\377\0006\000.\0001\0003\000.\0002\000.\0001\0001\000\040\000s\000i\0002\000d\000r\000E\000x\000p\000r\000T}{subsection.6.13.2}% 266
\BOOKMARK [3][-]{subsubsection.6.13.2.12}{\376\377\0006\000.\0001\0003\000.\0002\000.\0001\0002\000\040\000s\000i\0002\000d\000r\000E\000x\000p\000r\000T\000y\000p\000e\000T}{subsection.6.13.2}% 267
\BOOKMARK [3][-]{subsubsection.6.13.2.13}{\376\377\0006\000.\0001\0003\000.\0002\000.\0001\0003\000\040\000s\000i\0002\000d\000r\000F\000l\000o\000a\000t\0003\0002\000T}{subsection.6.13.2}% 268
\BOOKMARK [3][-]{subsubsection.6.13.2.14}{\376\377\0006\000.\0001\0003\000.\0002\000.\0001\0004\000\040\000s\000i\0002\000d\000r\000F\000l\000o\000a\000t\0006\0004\000T}{subsection.6.13.2}% 269
\BOOKMARK [3][-]{subsubsection.6.13.2.15}{\376\377\0006\000.\0001\0003\000.\0002\000.\0001\0005\000\040\000s\000i\0002\000d\000r\000G\000r\000o\000u\000p\000I\000d\000T}{subsection.6.13.2}% 270
\BOOKMARK [3][-]{subsubsection.6.13.2.16}{\376\377\0006\000.\0001\0003\000.\0002\000.\0001\0006\000\040\000s\000i\0002\000d\000r\000G\000r\000o\000u\000p\000s\000I\000d\000T}{subsection.6.13.2}% 271
\BOOKMARK [3][-]{subsubsection.6.13.2.17}{\376\377\0006\000.\0001\0003\000.\0002\000.\0001\0007\000\040\000s\000i\0002\000d\000r\000I\000n\000t\0003\0002\000T}{subsection.6.13.2}% 272
\BOOKMARK [3][-]{subsubsection.6.13.2.18}{\376\377\0006\000.\0001\0003\000.\0002\000.\0001\0008\000\040\000s\000i\0002\000d\000r\000I\000t\000e\000r\000I\000d\000T}{subsection.6.13.2}% 273
\BOOKMARK [3][-]{subsubsection.6.13.2.19}{\376\377\0006\000.\0001\0003\000.\0002\000.\0001\0009\000\040\000s\000i\0002\000d\000r\000M\000e\000s\000s\000a\000g\000e\000H\000a\000n\000d\000l\000e\000r\000T}{subsection.6.13.2}% 274
\BOOKMARK [3][-]{subsubsection.6.13.2.20}{\376\377\0006\000.\0001\0003\000.\0002\000.\0002\0000\000\040\000s\000i\0002\000d\000r\000N\000a\000m\000e\000s\000I\000d\000T}{subsection.6.13.2}% 275
\BOOKMARK [3][-]{subsubsection.6.13.2.21}{\376\377\0006\000.\0001\0003\000.\0002\000.\0002\0001\000\040\000s\000i\0002\000d\000r\000O\000b\000j\000e\000c\000t\000I\000d\000T}{subsection.6.13.2}% 276
\BOOKMARK [3][-]{subsubsection.6.13.2.22}{\376\377\0006\000.\0001\0003\000.\0002\000.\0002\0002\000\040\000s\000i\0002\000d\000r\000O\000b\000j\000e\000c\000t\000s\000I\000d\000T}{subsection.6.13.2}% 277
\BOOKMARK [3][-]{subsubsection.6.13.2.23}{\376\377\0006\000.\0001\0003\000.\0002\000.\0002\0003\000\040\000s\000i\0002\000d\000r\000O\000b\000j\000e\000c\000t\000T\000y\000p\000e\000T}{subsection.6.13.2}% 278
\BOOKMARK [3][-]{subsubsection.6.13.2.24}{\376\377\0006\000.\0001\0003\000.\0002\000.\0002\0004\000\040\000s\000i\0002\000d\000r\000S\000e\000v\000e\000r\000i\000t\000y\000T}{subsection.6.13.2}% 279
\BOOKMARK [3][-]{subsubsection.6.13.2.25}{\376\377\0006\000.\0001\0003\000.\0002\000.\0002\0005\000\040\000s\000i\0002\000d\000r\000S\000t\000r\000i\000n\000g\000T}{subsection.6.13.2}% 280
\BOOKMARK [3][-]{subsubsection.6.13.2.26}{\376\377\0006\000.\0001\0003\000.\0002\000.\0002\0006\000\040\000s\000i\0002\000d\000r\000V\000a\000l\000u\000e\000s\000I\000d\000T}{subsection.6.13.2}% 281
\BOOKMARK [3][-]{subsubsection.6.13.2.27}{\376\377\0006\000.\0001\0003\000.\0002\000.\0002\0007\000\040\000s\000i\0002\000d\000r\000V\000a\000l\000u\000e\000T\000y\000p\000e\000T}{subsection.6.13.2}% 282
\BOOKMARK [3][-]{subsubsection.6.13.2.28}{\376\377\0006\000.\0001\0003\000.\0002\000.\0002\0008\000\040\000s\000i\0002\000d\000r\000V\000o\000i\000d\000T}{subsection.6.13.2}% 283
\BOOKMARK [3][-]{subsubsection.6.13.2.29}{\376\377\0006\000.\0001\0003\000.\0002\000.\0002\0009\000\040\000s\000i\0002\000F\000l\000o\000a\000t\000T}{subsection.6.13.2}% 284
\BOOKMARK [3][-]{subsubsection.6.13.2.30}{\376\377\0006\000.\0001\0003\000.\0002\000.\0003\0000\000\040\000s\000i\0002\000I\000t\000e\000r\000a\000t\000o\000r\000I\000d\000T}{subsection.6.13.2}% 285
\BOOKMARK [3][-]{subsubsection.6.13.2.31}{\376\377\0006\000.\0001\0003\000.\0002\000.\0003\0001\000\040\000s\000i\0002\000L\000o\000n\000g\000T}{subsection.6.13.2}% 286
\BOOKMARK [3][-]{subsubsection.6.13.2.32}{\376\377\0006\000.\0001\0003\000.\0002\000.\0003\0002\000\040\000s\000i\0002\000O\000b\000j\000e\000c\000t\000I\000d\000T}{subsection.6.13.2}% 287
\BOOKMARK [3][-]{subsubsection.6.13.2.33}{\376\377\0006\000.\0001\0003\000.\0002\000.\0003\0003\000\040\000s\000i\0002\000S\000t\000r\000i\000n\000g\000T}{subsection.6.13.2}% 288
\BOOKMARK [3][-]{subsubsection.6.13.2.34}{\376\377\0006\000.\0001\0003\000.\0002\000.\0003\0004\000\040\000s\000i\0002\000T\000y\000p\000e\000T}{subsection.6.13.2}% 289
\BOOKMARK [3][-]{subsubsection.6.13.2.35}{\376\377\0006\000.\0001\0003\000.\0002\000.\0003\0005\000\040\000s\000i\0002\000V\000o\000i\000d\000T}{subsection.6.13.2}% 290
\BOOKMARK [2][-]{subsection.6.13.3}{\376\377\0006\000.\0001\0003\000.\0003\000\040\000E\000n\000u\000m\000e\000r\000a\000t\000i\000o\000n\000\040\000T\000y\000p\000e\000\040\000D\000o\000c\000u\000m\000e\000n\000t\000a\000t\000i\000o\000n}{section.6.13}% 291
\BOOKMARK [3][-]{subsubsection.6.13.3.1}{\376\377\0006\000.\0001\0003\000.\0003\000.\0001\000\040\000s\000i\0002\000B\000o\000o\000l\000e\000a\000n\000E\000n\000u\000m}{subsection.6.13.3}% 292
\BOOKMARK [3][-]{subsubsection.6.13.3.2}{\376\377\0006\000.\0001\0003\000.\0003\000.\0002\000\040\000s\000i\0002\000d\000r\000A\000t\000t\000r\000T\000y\000p\000e\000T}{subsection.6.13.3}% 293
\BOOKMARK [3][-]{subsubsection.6.13.3.3}{\376\377\0006\000.\0001\0003\000.\0003\000.\0003\000\040\000s\000i\0002\000d\000r\000E\000r\000r\000o\000r\000T}{subsection.6.13.3}% 294
\BOOKMARK [3][-]{subsubsection.6.13.3.4}{\376\377\0006\000.\0001\0003\000.\0003\000.\0004\000\040\000s\000i\0002\000d\000r\000E\000x\000p\000r\000T\000y\000p\000e\000T}{subsection.6.13.3}% 295
\BOOKMARK [3][-]{subsubsection.6.13.3.5}{\376\377\0006\000.\0001\0003\000.\0003\000.\0005\000\040\000s\000i\0002\000d\000r\000O\000b\000j\000e\000c\000t\000T\000y\000p\000e\000T}{subsection.6.13.3}% 296
\BOOKMARK [3][-]{subsubsection.6.13.3.6}{\376\377\0006\000.\0001\0003\000.\0003\000.\0006\000\040\000s\000i\0002\000d\000r\000S\000e\000v\000e\000r\000i\000t\000y\000T}{subsection.6.13.3}% 297
\BOOKMARK [3][-]{subsubsection.6.13.3.7}{\376\377\0006\000.\0001\0003\000.\0003\000.\0007\000\040\000s\000i\0002\000d\000r\000V\000a\000l\000u\000e\000T\000y\000p\000e\000T}{subsection.6.13.3}% 298
\BOOKMARK [3][-]{subsubsection.6.13.3.8}{\376\377\0006\000.\0001\0003\000.\0003\000.\0008\000\040\000s\000i\0002\000T\000y\000p\000e\000E\000n\000u\000m}{subsection.6.13.3}% 299
\BOOKMARK [2][-]{subsection.6.13.4}{\376\377\0006\000.\0001\0003\000.\0004\000\040\000F\000u\000n\000c\000t\000i\000o\000n\000\040\000D\000o\000c\000u\000m\000e\000n\000t\000a\000t\000i\000o\000n}{section.6.13}% 300
\BOOKMARK [3][-]{subsubsection.6.13.4.1}{\376\377\0006\000.\0001\0003\000.\0004\000.\0001\000\040\000g\000e\000t\000\137\000f\000u\000n\000c\000t\000i\000o\000n\000\050\000\051}{subsection.6.13.4}% 301
\BOOKMARK [3][-]{subsubsection.6.13.4.2}{\376\377\0006\000.\0001\0003\000.\0004\000.\0002\000\040\000l\000i\000b\000e\000r\000t\000y\000\137\000d\000e\000s\000t\000r\000o\000y\000\137\000v\000a\000l\000u\000e\000\137\000d\000a\000t\000a\000\050\000\051}{subsection.6.13.4}% 302
\BOOKMARK [3][-]{subsubsection.6.13.4.3}{\376\377\0006\000.\0001\0003\000.\0004\000.\0003\000\040\000l\000i\000b\000e\000r\000t\000y\000\137\000g\000e\000t\000\137\000e\000l\000e\000m\000e\000n\000t\000\050\000\051}{subsection.6.13.4}% 303
\BOOKMARK [3][-]{subsubsection.6.13.4.4}{\376\377\0006\000.\0001\0003\000.\0004\000.\0004\000\040\000l\000i\000b\000e\000r\000t\000y\000\137\000g\000e\000t\000\137\000v\000a\000l\000u\000e\000s\000\137\000d\000a\000t\000a\000\050\000\051}{subsection.6.13.4}% 304
\BOOKMARK [3][-]{subsubsection.6.13.4.5}{\376\377\0006\000.\0001\0003\000.\0004\000.\0005\000\040\000m\000a\000i\000n\000\137\000l\000i\000b\000e\000r\000t\000y\000\137\000p\000a\000r\000s\000e\000r\000\050\000\051}{subsection.6.13.4}% 305
\BOOKMARK [3][-]{subsubsection.6.13.4.6}{\376\377\0006\000.\0001\0003\000.\0004\000.\0006\000\040\000p\000r\000i\000n\000t\000\137\000v\000e\000r\000s\000i\000o\000n\000\050\000\051}{subsection.6.13.4}% 306
\BOOKMARK [3][-]{subsubsection.6.13.4.7}{\376\377\0006\000.\0001\0003\000.\0004\000.\0007\000\040\000S\000I\0002\000\137\000A\000R\000G\000S\000\050\000\051\000\040\000[\0001\000/\0004\0001\000]}{subsection.6.13.4}% 307
\BOOKMARK [3][-]{subsubsection.6.13.4.8}{\376\377\0006\000.\0001\0003\000.\0004\000.\0008\000\040\000S\000I\0002\000\137\000A\000R\000G\000S\000\050\000\051\000\040\000[\0002\000/\0004\0001\000]}{subsection.6.13.4}% 308
\BOOKMARK [3][-]{subsubsection.6.13.4.9}{\376\377\0006\000.\0001\0003\000.\0004\000.\0009\000\040\000S\000I\0002\000\137\000A\000R\000G\000S\000\050\000\051\000\040\000[\0003\000/\0004\0001\000]}{subsection.6.13.4}% 309
\BOOKMARK [3][-]{subsubsection.6.13.4.10}{\376\377\0006\000.\0001\0003\000.\0004\000.\0001\0000\000\040\000S\000I\0002\000\137\000A\000R\000G\000S\000\050\000\051\000\040\000[\0004\000/\0004\0001\000]}{subsection.6.13.4}% 310
\BOOKMARK [3][-]{subsubsection.6.13.4.11}{\376\377\0006\000.\0001\0003\000.\0004\000.\0001\0001\000\040\000S\000I\0002\000\137\000A\000R\000G\000S\000\050\000\051\000\040\000[\0005\000/\0004\0001\000]}{subsection.6.13.4}% 311
\BOOKMARK [3][-]{subsubsection.6.13.4.12}{\376\377\0006\000.\0001\0003\000.\0004\000.\0001\0002\000\040\000S\000I\0002\000\137\000A\000R\000G\000S\000\050\000\051\000\040\000[\0006\000/\0004\0001\000]}{subsection.6.13.4}% 312
\BOOKMARK [3][-]{subsubsection.6.13.4.13}{\376\377\0006\000.\0001\0003\000.\0004\000.\0001\0003\000\040\000S\000I\0002\000\137\000A\000R\000G\000S\000\050\000\051\000\040\000[\0007\000/\0004\0001\000]}{subsection.6.13.4}% 313
\BOOKMARK [3][-]{subsubsection.6.13.4.14}{\376\377\0006\000.\0001\0003\000.\0004\000.\0001\0004\000\040\000S\000I\0002\000\137\000A\000R\000G\000S\000\050\000\051\000\040\000[\0008\000/\0004\0001\000]}{subsection.6.13.4}% 314
\BOOKMARK [3][-]{subsubsection.6.13.4.15}{\376\377\0006\000.\0001\0003\000.\0004\000.\0001\0005\000\040\000S\000I\0002\000\137\000A\000R\000G\000S\000\050\000\051\000\040\000[\0009\000/\0004\0001\000]}{subsection.6.13.4}% 315
\BOOKMARK [3][-]{subsubsection.6.13.4.16}{\376\377\0006\000.\0001\0003\000.\0004\000.\0001\0006\000\040\000S\000I\0002\000\137\000A\000R\000G\000S\000\050\000\051\000\040\000[\0001\0000\000/\0004\0001\000]}{subsection.6.13.4}% 316
\BOOKMARK [3][-]{subsubsection.6.13.4.17}{\376\377\0006\000.\0001\0003\000.\0004\000.\0001\0007\000\040\000S\000I\0002\000\137\000A\000R\000G\000S\000\050\000\051\000\040\000[\0001\0001\000/\0004\0001\000]}{subsection.6.13.4}% 317
\BOOKMARK [3][-]{subsubsection.6.13.4.18}{\376\377\0006\000.\0001\0003\000.\0004\000.\0001\0008\000\040\000S\000I\0002\000\137\000A\000R\000G\000S\000\050\000\051\000\040\000[\0001\0002\000/\0004\0001\000]}{subsection.6.13.4}% 318
\BOOKMARK [3][-]{subsubsection.6.13.4.19}{\376\377\0006\000.\0001\0003\000.\0004\000.\0001\0009\000\040\000S\000I\0002\000\137\000A\000R\000G\000S\000\050\000\051\000\040\000[\0001\0003\000/\0004\0001\000]}{subsection.6.13.4}% 319
\BOOKMARK [3][-]{subsubsection.6.13.4.20}{\376\377\0006\000.\0001\0003\000.\0004\000.\0002\0000\000\040\000S\000I\0002\000\137\000A\000R\000G\000S\000\050\000\051\000\040\000[\0001\0004\000/\0004\0001\000]}{subsection.6.13.4}% 320
\BOOKMARK [3][-]{subsubsection.6.13.4.21}{\376\377\0006\000.\0001\0003\000.\0004\000.\0002\0001\000\040\000S\000I\0002\000\137\000A\000R\000G\000S\000\050\000\051\000\040\000[\0001\0005\000/\0004\0001\000]}{subsection.6.13.4}% 321
\BOOKMARK [3][-]{subsubsection.6.13.4.22}{\376\377\0006\000.\0001\0003\000.\0004\000.\0002\0002\000\040\000S\000I\0002\000\137\000A\000R\000G\000S\000\050\000\051\000\040\000[\0001\0006\000/\0004\0001\000]}{subsection.6.13.4}% 322
\BOOKMARK [3][-]{subsubsection.6.13.4.23}{\376\377\0006\000.\0001\0003\000.\0004\000.\0002\0003\000\040\000S\000I\0002\000\137\000A\000R\000G\000S\000\050\000\051\000\040\000[\0001\0007\000/\0004\0001\000]}{subsection.6.13.4}% 323
\BOOKMARK [3][-]{subsubsection.6.13.4.24}{\376\377\0006\000.\0001\0003\000.\0004\000.\0002\0004\000\040\000S\000I\0002\000\137\000A\000R\000G\000S\000\050\000\051\000\040\000[\0001\0008\000/\0004\0001\000]}{subsection.6.13.4}% 324
\BOOKMARK [3][-]{subsubsection.6.13.4.25}{\376\377\0006\000.\0001\0003\000.\0004\000.\0002\0005\000\040\000S\000I\0002\000\137\000A\000R\000G\000S\000\050\000\051\000\040\000[\0001\0009\000/\0004\0001\000]}{subsection.6.13.4}% 325
\BOOKMARK [3][-]{subsubsection.6.13.4.26}{\376\377\0006\000.\0001\0003\000.\0004\000.\0002\0006\000\040\000S\000I\0002\000\137\000A\000R\000G\000S\000\050\000\051\000\040\000[\0002\0000\000/\0004\0001\000]}{subsection.6.13.4}% 326
\BOOKMARK [3][-]{subsubsection.6.13.4.27}{\376\377\0006\000.\0001\0003\000.\0004\000.\0002\0007\000\040\000S\000I\0002\000\137\000A\000R\000G\000S\000\050\000\051\000\040\000[\0002\0001\000/\0004\0001\000]}{subsection.6.13.4}% 327
\BOOKMARK [3][-]{subsubsection.6.13.4.28}{\376\377\0006\000.\0001\0003\000.\0004\000.\0002\0008\000\040\000S\000I\0002\000\137\000A\000R\000G\000S\000\050\000\051\000\040\000[\0002\0002\000/\0004\0001\000]}{subsection.6.13.4}% 328
\BOOKMARK [3][-]{subsubsection.6.13.4.29}{\376\377\0006\000.\0001\0003\000.\0004\000.\0002\0009\000\040\000S\000I\0002\000\137\000A\000R\000G\000S\000\050\000\051\000\040\000[\0002\0003\000/\0004\0001\000]}{subsection.6.13.4}% 329
\BOOKMARK [3][-]{subsubsection.6.13.4.30}{\376\377\0006\000.\0001\0003\000.\0004\000.\0003\0000\000\040\000S\000I\0002\000\137\000A\000R\000G\000S\000\050\000\051\000\040\000[\0002\0004\000/\0004\0001\000]}{subsection.6.13.4}% 330
\BOOKMARK [3][-]{subsubsection.6.13.4.31}{\376\377\0006\000.\0001\0003\000.\0004\000.\0003\0001\000\040\000S\000I\0002\000\137\000A\000R\000G\000S\000\050\000\051\000\040\000[\0002\0005\000/\0004\0001\000]}{subsection.6.13.4}% 331
\BOOKMARK [3][-]{subsubsection.6.13.4.32}{\376\377\0006\000.\0001\0003\000.\0004\000.\0003\0002\000\040\000S\000I\0002\000\137\000A\000R\000G\000S\000\050\000\051\000\040\000[\0002\0006\000/\0004\0001\000]}{subsection.6.13.4}% 332
\BOOKMARK [3][-]{subsubsection.6.13.4.33}{\376\377\0006\000.\0001\0003\000.\0004\000.\0003\0003\000\040\000S\000I\0002\000\137\000A\000R\000G\000S\000\050\000\051\000\040\000[\0002\0007\000/\0004\0001\000]}{subsection.6.13.4}% 333
\BOOKMARK [3][-]{subsubsection.6.13.4.34}{\376\377\0006\000.\0001\0003\000.\0004\000.\0003\0004\000\040\000S\000I\0002\000\137\000A\000R\000G\000S\000\050\000\051\000\040\000[\0002\0008\000/\0004\0001\000]}{subsection.6.13.4}% 334
\BOOKMARK [3][-]{subsubsection.6.13.4.35}{\376\377\0006\000.\0001\0003\000.\0004\000.\0003\0005\000\040\000S\000I\0002\000\137\000A\000R\000G\000S\000\050\000\051\000\040\000[\0002\0009\000/\0004\0001\000]}{subsection.6.13.4}% 335
\BOOKMARK [3][-]{subsubsection.6.13.4.36}{\376\377\0006\000.\0001\0003\000.\0004\000.\0003\0006\000\040\000S\000I\0002\000\137\000A\000R\000G\000S\000\050\000\051\000\040\000[\0003\0000\000/\0004\0001\000]}{subsection.6.13.4}% 336
\BOOKMARK [3][-]{subsubsection.6.13.4.37}{\376\377\0006\000.\0001\0003\000.\0004\000.\0003\0007\000\040\000S\000I\0002\000\137\000A\000R\000G\000S\000\050\000\051\000\040\000[\0003\0001\000/\0004\0001\000]}{subsection.6.13.4}% 337
\BOOKMARK [3][-]{subsubsection.6.13.4.38}{\376\377\0006\000.\0001\0003\000.\0004\000.\0003\0008\000\040\000S\000I\0002\000\137\000A\000R\000G\000S\000\050\000\051\000\040\000[\0003\0002\000/\0004\0001\000]}{subsection.6.13.4}% 338
\BOOKMARK [3][-]{subsubsection.6.13.4.39}{\376\377\0006\000.\0001\0003\000.\0004\000.\0003\0009\000\040\000S\000I\0002\000\137\000A\000R\000G\000S\000\050\000\051\000\040\000[\0003\0003\000/\0004\0001\000]}{subsection.6.13.4}% 339
\BOOKMARK [3][-]{subsubsection.6.13.4.40}{\376\377\0006\000.\0001\0003\000.\0004\000.\0004\0000\000\040\000S\000I\0002\000\137\000A\000R\000G\000S\000\050\000\051\000\040\000[\0003\0004\000/\0004\0001\000]}{subsection.6.13.4}% 340
\BOOKMARK [3][-]{subsubsection.6.13.4.41}{\376\377\0006\000.\0001\0003\000.\0004\000.\0004\0001\000\040\000S\000I\0002\000\137\000A\000R\000G\000S\000\050\000\051\000\040\000[\0003\0005\000/\0004\0001\000]}{subsection.6.13.4}% 341
\BOOKMARK [3][-]{subsubsection.6.13.4.42}{\376\377\0006\000.\0001\0003\000.\0004\000.\0004\0002\000\040\000S\000I\0002\000\137\000A\000R\000G\000S\000\050\000\051\000\040\000[\0003\0006\000/\0004\0001\000]}{subsection.6.13.4}% 342
\BOOKMARK [3][-]{subsubsection.6.13.4.43}{\376\377\0006\000.\0001\0003\000.\0004\000.\0004\0003\000\040\000S\000I\0002\000\137\000A\000R\000G\000S\000\050\000\051\000\040\000[\0003\0007\000/\0004\0001\000]}{subsection.6.13.4}% 343
\BOOKMARK [3][-]{subsubsection.6.13.4.44}{\376\377\0006\000.\0001\0003\000.\0004\000.\0004\0004\000\040\000S\000I\0002\000\137\000A\000R\000G\000S\000\050\000\051\000\040\000[\0003\0008\000/\0004\0001\000]}{subsection.6.13.4}% 344
\BOOKMARK [3][-]{subsubsection.6.13.4.45}{\376\377\0006\000.\0001\0003\000.\0004\000.\0004\0005\000\040\000S\000I\0002\000\137\000A\000R\000G\000S\000\050\000\051\000\040\000[\0003\0009\000/\0004\0001\000]}{subsection.6.13.4}% 345
\BOOKMARK [3][-]{subsubsection.6.13.4.46}{\376\377\0006\000.\0001\0003\000.\0004\000.\0004\0006\000\040\000S\000I\0002\000\137\000A\000R\000G\000S\000\050\000\051\000\040\000[\0004\0000\000/\0004\0001\000]}{subsection.6.13.4}% 346
\BOOKMARK [3][-]{subsubsection.6.13.4.47}{\376\377\0006\000.\0001\0003\000.\0004\000.\0004\0007\000\040\000S\000I\0002\000\137\000A\000R\000G\000S\000\050\000\051\000\040\000[\0004\0001\000/\0004\0001\000]}{subsection.6.13.4}% 347
\BOOKMARK [3][-]{subsubsection.6.13.4.48}{\376\377\0006\000.\0001\0003\000.\0004\000.\0004\0008\000\040\000s\000i\0002\000d\000r\000D\000e\000f\000a\000u\000l\000t\000M\000e\000s\000s\000a\000g\000e\000H\000a\000n\000d\000l\000e\000r\000\050\000\051}{subsection.6.13.4}% 348
\BOOKMARK [3][-]{subsubsection.6.13.4.49}{\376\377\0006\000.\0001\0003\000.\0004\000.\0004\0009\000\040\000s\000i\0002\000d\000r\000P\000I\000G\000e\000t\000M\000e\000s\000s\000a\000g\000e\000H\000a\000n\000d\000l\000e\000r\000\050\000\051}{subsection.6.13.4}% 349
\BOOKMARK [3][-]{subsubsection.6.13.4.50}{\376\377\0006\000.\0001\0003\000.\0004\000.\0005\0000\000\040\000s\000i\0002\000d\000r\000P\000I\000S\000e\000t\000M\000e\000s\000s\000a\000g\000e\000H\000a\000n\000d\000l\000e\000r\000\050\000\051}{subsection.6.13.4}% 350
\BOOKMARK [3][-]{subsubsection.6.13.4.51}{\376\377\0006\000.\0001\0003\000.\0004\000.\0005\0001\000\040\000u\000s\000a\000g\000e\000\050\000\051}{subsection.6.13.4}% 351
\BOOKMARK [1][-]{section.6.14}{\376\377\0006\000.\0001\0004\000\040\000s\000i\0002\000d\000r\000\137\000l\000i\000b\000e\000r\000t\000y\000.\000h}{chapter.6}% 352
\BOOKMARK [1][-]{section.6.15}{\376\377\0006\000.\0001\0005\000\040\000i\000n\000c\000l\000u\000d\000e\000/\000v\000e\000r\000i\000l\000o\000g\000\137\000u\000t\000i\000l\000s\000.\000h\000p\000p\000\040\000F\000i\000l\000e\000\040\000R\000e\000f\000e\000r\000e\000n\000c\000e}{chapter.6}% 353
\BOOKMARK [2][-]{subsection.6.15.1}{\376\377\0006\000.\0001\0005\000.\0001\000\040\000F\000u\000n\000c\000t\000i\000o\000n\000\040\000D\000o\000c\000u\000m\000e\000n\000t\000a\000t\000i\000o\000n}{section.6.15}% 354
\BOOKMARK [3][-]{subsubsection.6.15.1.1}{\376\377\0006\000.\0001\0005\000.\0001\000.\0001\000\040\000g\000e\000t\000A\000S\000T\000\050\000\051}{subsection.6.15.1}% 355
\BOOKMARK [1][-]{section.6.16}{\376\377\0006\000.\0001\0006\000\040\000v\000e\000r\000i\000l\000o\000g\000\137\000u\000t\000i\000l\000s\000.\000h\000p\000p}{chapter.6}% 356
\BOOKMARK [1][-]{section.6.17}{\376\377\0006\000.\0001\0007\000\040\000i\000n\000c\000l\000u\000d\000e\000/\000v\000e\000r\000s\000i\000o\000n\000.\000h\000\040\000F\000i\000l\000e\000\040\000R\000e\000f\000e\000r\000e\000n\000c\000e}{chapter.6}% 357
\BOOKMARK [2][-]{subsection.6.17.1}{\376\377\0006\000.\0001\0007\000.\0001\000\040\000M\000a\000c\000r\000o\000\040\000D\000e\000f\000i\000n\000i\000t\000i\000o\000n\000\040\000D\000o\000c\000u\000m\000e\000n\000t\000a\000t\000i\000o\000n}{section.6.17}% 358
\BOOKMARK [3][-]{subsubsection.6.17.1.1}{\376\377\0006\000.\0001\0007\000.\0001\000.\0001\000\040\000A\000P\000P\000\137\000A\000U\000T\000H\000O\000R}{subsection.6.17.1}% 359
\BOOKMARK [3][-]{subsubsection.6.17.1.2}{\376\377\0006\000.\0001\0007\000.\0001\000.\0002\000\040\000A\000P\000P\000\137\000C\000O\000N\000T\000A\000C\000T}{subsection.6.17.1}% 360
\BOOKMARK [3][-]{subsubsection.6.17.1.3}{\376\377\0006\000.\0001\0007\000.\0001\000.\0003\000\040\000A\000P\000P\000\137\000N\000A\000M\000E}{subsection.6.17.1}% 361
\BOOKMARK [3][-]{subsubsection.6.17.1.4}{\376\377\0006\000.\0001\0007\000.\0001\000.\0004\000\040\000A\000P\000P\000\137\000V\000E\000R\000S\000I\000O\000N}{subsection.6.17.1}% 362
\BOOKMARK [3][-]{subsubsection.6.17.1.5}{\376\377\0006\000.\0001\0007\000.\0001\000.\0005\000\040\000A\000P\000P\000\137\000V\000E\000R\000S\000I\000O\000N\000\137\000M\000A\000J\000O\000R}{subsection.6.17.1}% 363
\BOOKMARK [3][-]{subsubsection.6.17.1.6}{\376\377\0006\000.\0001\0007\000.\0001\000.\0006\000\040\000A\000P\000P\000\137\000V\000E\000R\000S\000I\000O\000N\000\137\000M\000I\000N\000O\000R}{subsection.6.17.1}% 364
\BOOKMARK [3][-]{subsubsection.6.17.1.7}{\376\377\0006\000.\0001\0007\000.\0001\000.\0007\000\040\000A\000P\000P\000\137\000V\000E\000R\000S\000I\000O\000N\000\137\000P\000A\000T\000C\000H}{subsection.6.17.1}% 365
\BOOKMARK [3][-]{subsubsection.6.17.1.8}{\376\377\0006\000.\0001\0007\000.\0001\000.\0008\000\040\000B\000U\000I\000L\000D\000\137\000T\000I\000M\000E\000S\000T\000A\000M\000P}{subsection.6.17.1}% 366
\BOOKMARK [1][-]{section.6.18}{\376\377\0006\000.\0001\0008\000\040\000v\000e\000r\000s\000i\000o\000n\000.\000h}{chapter.6}% 367
\BOOKMARK [1][-]{section.6.19}{\376\377\0006\000.\0001\0009\000\040\000R\000E\000A\000D\000M\000E\000.\000m\000d\000\040\000F\000i\000l\000e\000\040\000R\000e\000f\000e\000r\000e\000n\000c\000e}{chapter.6}% 368
\BOOKMARK [1][-]{section.6.20}{\376\377\0006\000.\0002\0000\000\040\000s\000r\000c\000/\000c\000o\000m\000p\000a\000r\000e\000.\000c\000p\000p\000\040\000F\000i\000l\000e\000\040\000R\000e\000f\000e\000r\000e\000n\000c\000e}{chapter.6}% 369
\BOOKMARK [1][-]{section.6.21}{\376\377\0006\000.\0002\0001\000\040\000c\000o\000m\000p\000a\000r\000e\000.\000c\000p\000p}{chapter.6}% 370
\BOOKMARK [1][-]{section.6.22}{\376\377\0006\000.\0002\0002\000\040\000s\000r\000c\000/\000i\000t\000e\000r\000a\000t\000o\000r\000s\000.\000c\000p\000p\000\040\000F\000i\000l\000e\000\040\000R\000e\000f\000e\000r\000e\000n\000c\000e}{chapter.6}% 371
\BOOKMARK [1][-]{section.6.23}{\376\377\0006\000.\0002\0003\000\040\000i\000t\000e\000r\000a\000t\000o\000r\000s\000.\000c\000p\000p}{chapter.6}% 372
\BOOKMARK [1][-]{section.6.24}{\376\377\0006\000.\0002\0004\000\040\000s\000r\000c\000/\000j\000s\000o\000n\000\137\000u\000t\000i\000l\000s\000.\000c\000p\000p\000\040\000F\000i\000l\000e\000\040\000R\000e\000f\000e\000r\000e\000n\000c\000e}{chapter.6}% 373
\BOOKMARK [2][-]{subsection.6.24.1}{\376\377\0006\000.\0002\0004\000.\0001\000\040\000F\000u\000n\000c\000t\000i\000o\000n\000\040\000D\000o\000c\000u\000m\000e\000n\000t\000a\000t\000i\000o\000n}{section.6.24}% 374
\BOOKMARK [3][-]{subsubsection.6.24.1.1}{\376\377\0006\000.\0002\0004\000.\0001\000.\0001\000\040\000g\000e\000n\000e\000r\000a\000t\000e\000C\000e\000l\000l\000J\000s\000o\000n\000\050\000\051}{subsection.6.24.1}% 375
\BOOKMARK [3][-]{subsubsection.6.24.1.2}{\376\377\0006\000.\0002\0004\000.\0001\000.\0002\000\040\000g\000e\000n\000e\000r\000a\000t\000e\000L\000u\000t\000J\000s\000o\000n\000\050\000\051}{subsection.6.24.1}% 376
\BOOKMARK [3][-]{subsubsection.6.24.1.3}{\376\377\0006\000.\0002\0004\000.\0001\000.\0003\000\040\000g\000e\000n\000e\000r\000a\000t\000e\000P\000i\000n\000J\000s\000o\000n\000\050\000\051}{subsection.6.24.1}% 377
\BOOKMARK [3][-]{subsubsection.6.24.1.4}{\376\377\0006\000.\0002\0004\000.\0001\000.\0004\000\040\000g\000e\000n\000e\000r\000a\000t\000e\000P\000o\000w\000e\000r\000J\000s\000o\000n\000\050\000\051}{subsection.6.24.1}% 378
\BOOKMARK [3][-]{subsubsection.6.24.1.5}{\376\377\0006\000.\0002\0004\000.\0001\000.\0005\000\040\000g\000e\000n\000e\000r\000a\000t\000e\000T\000i\000m\000i\000n\000g\000J\000s\000o\000n\000\050\000\051}{subsection.6.24.1}% 379
\BOOKMARK [3][-]{subsubsection.6.24.1.6}{\376\377\0006\000.\0002\0004\000.\0001\000.\0006\000\040\000p\000a\000r\000s\000e\000S\000t\000r\000i\000n\000g\000T\000o\000V\000e\000c\000t\000o\000r\000\050\000\051}{subsection.6.24.1}% 380
\BOOKMARK [1][-]{section.6.25}{\376\377\0006\000.\0002\0005\000\040\000j\000s\000o\000n\000\137\000u\000t\000i\000l\000s\000.\000c\000p\000p}{chapter.6}% 381
\BOOKMARK [1][-]{section.6.26}{\376\377\0006\000.\0002\0006\000\040\000s\000r\000c\000/\000l\000i\000b\000\137\000a\000t\000t\000r\000i\000b\000u\000t\000e\000.\000c\000p\000p\000\040\000F\000i\000l\000e\000\040\000R\000e\000f\000e\000r\000e\000n\000c\000e}{chapter.6}% 382
\BOOKMARK [1][-]{section.6.27}{\376\377\0006\000.\0002\0007\000\040\000l\000i\000b\000\137\000a\000t\000t\000r\000i\000b\000u\000t\000e\000.\000c\000p\000p}{chapter.6}% 383
\BOOKMARK [1][-]{section.6.28}{\376\377\0006\000.\0002\0008\000\040\000s\000r\000c\000/\000l\000i\000b\000\137\000f\000i\000l\000e\000.\000c\000p\000p\000\040\000F\000i\000l\000e\000\040\000R\000e\000f\000e\000r\000e\000n\000c\000e}{chapter.6}% 384
\BOOKMARK [1][-]{section.6.29}{\376\377\0006\000.\0002\0009\000\040\000l\000i\000b\000\137\000f\000i\000l\000e\000.\000c\000p\000p}{chapter.6}% 385
\BOOKMARK [1][-]{section.6.30}{\376\377\0006\000.\0003\0000\000\040\000s\000r\000c\000/\000l\000i\000b\000\137\000g\000r\000o\000u\000p\000.\000c\000p\000p\000\040\000F\000i\000l\000e\000\040\000R\000e\000f\000e\000r\000e\000n\000c\000e}{chapter.6}% 386
\BOOKMARK [1][-]{section.6.31}{\376\377\0006\000.\0003\0001\000\040\000l\000i\000b\000\137\000g\000r\000o\000u\000p\000.\000c\000p\000p}{chapter.6}% 387
\BOOKMARK [1][-]{section.6.32}{\376\377\0006\000.\0003\0002\000\040\000s\000r\000c\000/\000m\000a\000i\000n\000.\000c\000p\000p\000\040\000F\000i\000l\000e\000\040\000R\000e\000f\000e\000r\000e\000n\000c\000e}{chapter.6}% 388
\BOOKMARK [2][-]{subsection.6.32.1}{\376\377\0006\000.\0003\0002\000.\0001\000\040\000F\000u\000n\000c\000t\000i\000o\000n\000\040\000D\000o\000c\000u\000m\000e\000n\000t\000a\000t\000i\000o\000n}{section.6.32}% 389
\BOOKMARK [3][-]{subsubsection.6.32.1.1}{\376\377\0006\000.\0003\0002\000.\0001\000.\0001\000\040\000c\000o\000m\000p\000a\000r\000e\000L\000i\000b\000F\000i\000l\000e\000s\000\050\000\051}{subsection.6.32.1}% 390
\BOOKMARK [3][-]{subsubsection.6.32.1.2}{\376\377\0006\000.\0003\0002\000.\0001\000.\0002\000\040\000f\000u\000n\000c\000L\000i\000b\000F\000i\000l\000e\000\050\000\051}{subsection.6.32.1}% 391
\BOOKMARK [3][-]{subsubsection.6.32.1.3}{\376\377\0006\000.\0003\0002\000.\0001\000.\0003\000\040\000m\000a\000i\000n\000\050\000\051}{subsection.6.32.1}% 392
\BOOKMARK [3][-]{subsubsection.6.32.1.4}{\376\377\0006\000.\0003\0002\000.\0001\000.\0004\000\040\000m\000o\000n\000o\000C\000h\000e\000c\000k\000L\000i\000b\000F\000i\000l\000e\000\050\000\051}{subsection.6.32.1}% 393
\BOOKMARK [3][-]{subsubsection.6.32.1.5}{\376\377\0006\000.\0003\0002\000.\0001\000.\0005\000\040\000p\000a\000r\000s\000e\000L\000i\000b\000F\000i\000l\000e\000\050\000\051}{subsection.6.32.1}% 394
\BOOKMARK [3][-]{subsubsection.6.32.1.6}{\376\377\0006\000.\0003\0002\000.\0001\000.\0006\000\040\000p\000r\000i\000n\000t\000I\000n\000f\000o\000\050\000\051}{subsection.6.32.1}% 395
\BOOKMARK [3][-]{subsubsection.6.32.1.7}{\376\377\0006\000.\0003\0002\000.\0001\000.\0007\000\040\000s\000u\000p\000e\000r\000c\000e\000l\000l\000L\000i\000b\000F\000i\000l\000e\000\050\000\051}{subsection.6.32.1}% 396
\BOOKMARK [3][-]{subsubsection.6.32.1.8}{\376\377\0006\000.\0003\0002\000.\0001\000.\0008\000\040\000v\000e\000r\000i\000l\000o\000g\000L\000i\000b\000F\000i\000l\000e\000\050\000\051}{subsection.6.32.1}% 397
\BOOKMARK [1][-]{section.6.33}{\376\377\0006\000.\0003\0003\000\040\000m\000a\000i\000n\000.\000c\000p\000p}{chapter.6}% 398
\BOOKMARK [1][-]{section.6.34}{\376\377\0006\000.\0003\0004\000\040\000s\000r\000c\000/\000v\000e\000r\000i\000l\000o\000g\000\137\000u\000t\000i\000l\000s\000.\000c\000p\000p\000\040\000F\000i\000l\000e\000\040\000R\000e\000f\000e\000r\000e\000n\000c\000e}{chapter.6}% 399
\BOOKMARK [2][-]{subsection.6.34.1}{\376\377\0006\000.\0003\0004\000.\0001\000\040\000F\000u\000n\000c\000t\000i\000o\000n\000\040\000D\000o\000c\000u\000m\000e\000n\000t\000a\000t\000i\000o\000n}{section.6.34}% 400
\BOOKMARK [3][-]{subsubsection.6.34.1.1}{\376\377\0006\000.\0003\0004\000.\0001\000.\0001\000\040\000g\000e\000t\000A\000S\000T\000\050\000\051}{subsection.6.34.1}% 401
\BOOKMARK [1][-]{section.6.35}{\376\377\0006\000.\0003\0005\000\040\000v\000e\000r\000i\000l\000o\000g\000\137\000u\000t\000i\000l\000s\000.\000c\000p\000p}{chapter.6}% 402
\BOOKMARK [0][-]{section*.163}{\376\377\000I\000n\000d\000e\000x}{}% 403
